Component: ARM Compiler 5.06 update 5 (build 528) Tool: armlink [4d35e2]

==============================================================================

Section Cross References

    startup_stm32f103xb.o(RESET) refers to startup_stm32f103xb.o(STACK) for __initial_sp
    startup_stm32f103xb.o(RESET) refers to startup_stm32f103xb.o(.text) for Reset_Handler
    startup_stm32f103xb.o(RESET) refers to stm32f1xx_it.o(i.NMI_Handler) for NMI_Handler
    startup_stm32f103xb.o(RESET) refers to stm32f1xx_it.o(i.HardFault_Handler) for HardFault_Handler
    startup_stm32f103xb.o(RESET) refers to stm32f1xx_it.o(i.MemManage_Handler) for MemManage_Handler
    startup_stm32f103xb.o(RESET) refers to stm32f1xx_it.o(i.BusFault_Handler) for BusFault_Handler
    startup_stm32f103xb.o(RESET) refers to stm32f1xx_it.o(i.UsageFault_Handler) for UsageFault_Handler
    startup_stm32f103xb.o(RESET) refers to stm32f1xx_it.o(i.SVC_Handler) for SVC_Handler
    startup_stm32f103xb.o(RESET) refers to stm32f1xx_it.o(i.DebugMon_Handler) for DebugMon_Handler
    startup_stm32f103xb.o(RESET) refers to stm32f1xx_it.o(i.PendSV_Handler) for PendSV_Handler
    startup_stm32f103xb.o(RESET) refers to stm32f1xx_it.o(i.SysTick_Handler) for SysTick_Handler
    startup_stm32f103xb.o(RESET) refers to stm32f1xx_it.o(i.EXTI1_IRQHandler) for EXTI1_IRQHandler
    startup_stm32f103xb.o(RESET) refers to stm32f1xx_it.o(i.ADC1_2_IRQHandler) for ADC1_2_IRQHandler
    startup_stm32f103xb.o(RESET) refers to stm32f1xx_it.o(i.USB_LP_CAN1_RX0_IRQHandler) for USB_LP_CAN1_RX0_IRQHandler
    startup_stm32f103xb.o(RESET) refers to stm32f1xx_it.o(i.TIM4_IRQHandler) for TIM4_IRQHandler
    startup_stm32f103xb.o(.text) refers to system_stm32f1xx.o(i.SystemInit) for SystemInit
    startup_stm32f103xb.o(.text) refers to entry.o(.ARM.Collect$$$$00000000) for __main
    system_stm32f1xx.o(i.SystemCoreClockUpdate) refers to system_stm32f1xx.o(.data) for .data
    system_stm32f1xx.o(i.SystemCoreClockUpdate) refers to system_stm32f1xx.o(.constdata) for .constdata
    stm32f1xx_hal_i2c.o(i.HAL_I2C_DeInit) refers to stm32f1xx_hal_msp.o(i.HAL_I2C_MspDeInit) for HAL_I2C_MspDeInit
    stm32f1xx_hal_i2c.o(i.HAL_I2C_ER_IRQHandler) refers to stm32f1xx_hal_i2c.o(i.I2C_Slave_AF) for I2C_Slave_AF
    stm32f1xx_hal_i2c.o(i.HAL_I2C_ER_IRQHandler) refers to stm32f1xx_hal_i2c.o(i.I2C_ITError) for I2C_ITError
    stm32f1xx_hal_i2c.o(i.HAL_I2C_EV_IRQHandler) refers to stm32f1xx_hal_i2c.o(i.I2C_Master_SB) for I2C_Master_SB
    stm32f1xx_hal_i2c.o(i.HAL_I2C_EV_IRQHandler) refers to stm32f1xx_hal_i2c.o(i.I2C_Master_ADDR) for I2C_Master_ADDR
    stm32f1xx_hal_i2c.o(i.HAL_I2C_EV_IRQHandler) refers to stm32f1xx_hal_i2c.o(i.I2C_MasterTransmit_TXE) for I2C_MasterTransmit_TXE
    stm32f1xx_hal_i2c.o(i.HAL_I2C_EV_IRQHandler) refers to stm32f1xx_hal_i2c.o(i.I2C_MasterTransmit_BTF) for I2C_MasterTransmit_BTF
    stm32f1xx_hal_i2c.o(i.HAL_I2C_EV_IRQHandler) refers to stm32f1xx_hal_i2c.o(i.I2C_MasterReceive_RXNE) for I2C_MasterReceive_RXNE
    stm32f1xx_hal_i2c.o(i.HAL_I2C_EV_IRQHandler) refers to stm32f1xx_hal_i2c.o(i.I2C_MasterReceive_BTF) for I2C_MasterReceive_BTF
    stm32f1xx_hal_i2c.o(i.HAL_I2C_EV_IRQHandler) refers to stm32f1xx_hal_i2c.o(i.HAL_I2C_AddrCallback) for HAL_I2C_AddrCallback
    stm32f1xx_hal_i2c.o(i.HAL_I2C_EV_IRQHandler) refers to stm32f1xx_hal_i2c.o(i.I2C_Slave_STOPF) for I2C_Slave_STOPF
    stm32f1xx_hal_i2c.o(i.HAL_I2C_EV_IRQHandler) refers to stm32f1xx_hal_i2c.o(i.HAL_I2C_SlaveTxCpltCallback) for HAL_I2C_SlaveTxCpltCallback
    stm32f1xx_hal_i2c.o(i.HAL_I2C_EV_IRQHandler) refers to stm32f1xx_hal_i2c.o(i.HAL_I2C_SlaveRxCpltCallback) for HAL_I2C_SlaveRxCpltCallback
    stm32f1xx_hal_i2c.o(i.HAL_I2C_Init) refers to stm32f1xx_hal_msp.o(i.HAL_I2C_MspInit) for HAL_I2C_MspInit
    stm32f1xx_hal_i2c.o(i.HAL_I2C_Init) refers to stm32f1xx_hal_rcc.o(i.HAL_RCC_GetPCLK1Freq) for HAL_RCC_GetPCLK1Freq
    stm32f1xx_hal_i2c.o(i.HAL_I2C_IsDeviceReady) refers to stm32f1xx_hal.o(i.HAL_GetTick) for HAL_GetTick
    stm32f1xx_hal_i2c.o(i.HAL_I2C_IsDeviceReady) refers to stm32f1xx_hal_i2c.o(i.I2C_WaitOnFlagUntilTimeout) for I2C_WaitOnFlagUntilTimeout
    stm32f1xx_hal_i2c.o(i.HAL_I2C_Master_Abort_IT) refers to stm32f1xx_hal_i2c.o(i.I2C_ITError) for I2C_ITError
    stm32f1xx_hal_i2c.o(i.HAL_I2C_Master_Receive) refers to stm32f1xx_hal.o(i.HAL_GetTick) for HAL_GetTick
    stm32f1xx_hal_i2c.o(i.HAL_I2C_Master_Receive) refers to stm32f1xx_hal_i2c.o(i.I2C_WaitOnFlagUntilTimeout) for I2C_WaitOnFlagUntilTimeout
    stm32f1xx_hal_i2c.o(i.HAL_I2C_Master_Receive) refers to stm32f1xx_hal_i2c.o(i.I2C_MasterRequestRead) for I2C_MasterRequestRead
    stm32f1xx_hal_i2c.o(i.HAL_I2C_Master_Receive) refers to stm32f1xx_hal_i2c.o(i.I2C_WaitOnRXNEFlagUntilTimeout) for I2C_WaitOnRXNEFlagUntilTimeout
    stm32f1xx_hal_i2c.o(i.HAL_I2C_Master_Receive_DMA) refers to stm32f1xx_hal_dma.o(i.HAL_DMA_Start_IT) for HAL_DMA_Start_IT
    stm32f1xx_hal_i2c.o(i.HAL_I2C_Master_Receive_DMA) refers to system_stm32f1xx.o(.data) for SystemCoreClock
[...]
    i.HAL_ADC_Init                           0x08000734   Section        0  stm32f1xx_hal_adc.o(i.HAL_ADC_Init)
    i.HAL_ADC_LevelOutOfWindowCallback       0x08000850   Section        0  stm32f1xx_hal_adc.o(i.HAL_ADC_LevelOutOfWindowCallback)
    i.HAL_ADC_MspInit                        0x08000854   Section        0  stm32f1xx_hal_msp.o(i.HAL_ADC_MspInit)
    i.HAL_ADC_PollForConversion              0x080008a4   Section        0  stm32f1xx_hal_adc.o(i.HAL_ADC_PollForConversion)
    i.HAL_ADC_Start                          0x080009d4   Section        0  stm32f1xx_hal_adc.o(i.HAL_ADC_Start)
    i.HAL_ADC_Stop                           0x08000a94   Section        0  stm32f1xx_hal_adc.o(i.HAL_ADC_Stop)
    i.HAL_Delay                              0x08000ac8   Section        0  stm32f1xx_hal.o(i.HAL_Delay)
    i.HAL_GPIO_EXTI_Callback                 0x08000ae4   Section        0  main.o(i.HAL_GPIO_EXTI_Callback)
    i.HAL_GPIO_EXTI_IRQHandler               0x08000b34   Section        0  stm32f1xx_hal_gpio.o(i.HAL_GPIO_EXTI_IRQHandler)
    i.HAL_GPIO_Init                          0x08000b4c   Section        0  stm32f1xx_hal_gpio.o(i.HAL_GPIO_Init)
    i.HAL_GPIO_ReadPin                       0x08000d08   Section        0  stm32f1xx_hal_gpio.o(i.HAL_GPIO_ReadPin)
    i.HAL_GPIO_WritePin                      0x08000d12   Section        0  stm32f1xx_hal_gpio.o(i.HAL_GPIO_WritePin)
    i.HAL_GetTick                            0x08000d1c   Section        0  stm32f1xx_hal.o(i.HAL_GetTick)
    i.HAL_I2C_Init                           0x08000d28   Section        0  stm32f1xx_hal_i2c.o(i.HAL_I2C_Init)
    i.HAL_I2C_Master_Transmit                0x08000e30   Section        0  stm32f1xx_hal_i2c.o(i.HAL_I2C_Master_Transmit)
    i.HAL_I2C_MspInit                        0x08000f68   Section        0  stm32f1xx_hal_msp.o(i.HAL_I2C_MspInit)
    i.HAL_IncTick                            0x08000fbc   Section        0  stm32f1xx_hal.o(i.HAL_IncTick)
    i.HAL_Init                               0x08000fcc   Section        0  stm32f1xx_hal.o(i.HAL_Init)
    i.HAL_InitTick                           0x08000ff0   Section        0  stm32f1xx_hal.o(i.HAL_InitTick)
    i.HAL_MspInit                            0x08001018   Section        0  stm32f1xx_hal_msp.o(i.HAL_MspInit)
    i.HAL_NVIC_EnableIRQ                     0x0800109c   Section        0  stm32f1xx_hal_cortex.o(i.HAL_NVIC_EnableIRQ)
    i.HAL_NVIC_SetPriority                   0x080010b4   Section        0  stm32f1xx_hal_cortex.o(i.HAL_NVIC_SetPriority)
    i.HAL_NVIC_SetPriorityGrouping           0x080010f4   Section        0  stm32f1xx_hal_cortex.o(i.HAL_NVIC_SetPriorityGrouping)
    i.HAL_PCDEx_PMAConfig                    0x08001118   Section        0  stm32f1xx_hal_pcd_ex.o(i.HAL_PCDEx_PMAConfig)
    i.HAL_PCDEx_SetConnectionState           0x0800114c   Section        0  usbd_conf.o(i.HAL_PCDEx_SetConnectionState)
    i.HAL_PCD_DataInStageCallback            0x0800114e   Section        0  usbd_conf.o(i.HAL_PCD_DataInStageCallback)
    i.HAL_PCD_DataOutStageCallback           0x0800115c   Section        0  usbd_conf.o(i.HAL_PCD_DataOutStageCallback)
    i.HAL_PCD_EP_Close                       0x0800116c   Section        0  stm32f1xx_hal_pcd.o(i.HAL_PCD_EP_Close)
    i.HAL_PCD_EP_ClrStall                    0x080011ac   Section        0  stm32f1xx_hal_pcd.o(i.HAL_PCD_EP_ClrStall)
    i.HAL_PCD_EP_Open                        0x080011f4   Section        0  stm32f1xx_hal_pcd.o(i.HAL_PCD_EP_Open)
    i.HAL_PCD_EP_Receive                     0x08001238   Section        0  stm32f1xx_hal_pcd.o(i.HAL_PCD_EP_Receive)
    i.HAL_PCD_EP_SetStall                    0x08001266   Section        0  stm32f1xx_hal_pcd.o(i.HAL_PCD_EP_SetStall)
    i.HAL_PCD_EP_Transmit                    0x080012bc   Section        0  stm32f1xx_hal_pcd.o(i.HAL_PCD_EP_Transmit)
    i.HAL_PCD_IRQHandler                     0x080012e6   Section        0  stm32f1xx_hal_pcd.o(i.HAL_PCD_IRQHandler)
    i.HAL_PCD_Init                           0x080013f4   Section        0  stm32f1xx_hal_pcd.o(i.HAL_PCD_Init)
    i.HAL_PCD_MspInit                        0x080014b4   Section        0  usbd_conf.o(i.HAL_PCD_MspInit)
    i.HAL_PCD_ResetCallback                  0x080014f0   Section        0  usbd_conf.o(i.HAL_PCD_ResetCallback)
    i.HAL_PCD_ResumeCallback                 0x0800150a   Section        0  usbd_conf.o(i.HAL_PCD_ResumeCallback)
    i.HAL_PCD_SOFCallback                    0x08001512   Section        0  usbd_conf.o(i.HAL_PCD_SOFCallback)
    i.HAL_PCD_SetAddress                     0x0800151a   Section        0  stm32f1xx_hal_pcd.o(i.HAL_PCD_SetAddress)
    i.HAL_PCD_SetupStageCallback             0x08001542   Section        0  usbd_conf.o(i.HAL_PCD_SetupStageCallback)
    i.HAL_PCD_Start                          0x08001550   Section        0  stm32f1xx_hal_pcd.o(i.HAL_PCD_Start)
    i.HAL_PCD_SuspendCallback                0x08001584   Section        0  usbd_conf.o(i.HAL_PCD_SuspendCallback)
    i.HAL_RCCEx_GetPeriphCLKFreq             0x080015a8   Section        0  stm32f1xx_hal_rcc_ex.o(i.HAL_RCCEx_GetPeriphCLKFreq)
    i.HAL_RCCEx_PeriphCLKConfig              0x08001670   Section        0  stm32f1xx_hal_rcc_ex.o(i.HAL_RCCEx_PeriphCLKConfig)
    i.HAL_RCC_ClockConfig                    0x0800175c   Section        0  stm32f1xx_hal_rcc.o(i.HAL_RCC_ClockConfig)
    i.HAL_RCC_GetHCLKFreq                    0x080018b0   Section        0  stm32f1xx_hal_rcc.o(i.HAL_RCC_GetHCLKFreq)
    i.HAL_RCC_GetPCLK1Freq                   0x080018bc   Section        0  stm32f1xx_hal_rcc.o(i.HAL_RCC_GetPCLK1Freq)
    i.HAL_RCC_GetPCLK2Freq                   0x080018dc   Section        0  stm32f1xx_hal_rcc.o(i.HAL_RCC_GetPCLK2Freq)
    i.HAL_RCC_GetSysClockFreq                0x080018fc   Section        0  stm32f1xx_hal_rcc.o(i.HAL_RCC_GetSysClockFreq)
    i.HAL_RCC_OscConfig                      0x08001968   Section        0  stm32f1xx_hal_rcc.o(i.HAL_RCC_OscConfig)
    i.HAL_SYSTICK_CLKSourceConfig            0x08001c6c   Section        0  stm32f1xx_hal_cortex.o(i.HAL_SYSTICK_CLKSourceConfig)
    i.HAL_SYSTICK_Callback                   0x08001c84   Section        0  stm32f1xx_hal_cortex.o(i.HAL_SYSTICK_Callback)
    i.HAL_SYSTICK_Config                     0x08001c86   Section        0  stm32f1xx_hal_cortex.o(i.HAL_SYSTICK_Config)
    i.HAL_SYSTICK_IRQHandler                 0x08001cae   Section        0  stm32f1xx_hal_cortex.o(i.HAL_SYSTICK_IRQHandler)
    i.HAL_TIMEx_BreakCallback                0x08001cb6   Section        0  stm32f1xx_hal_tim_ex.o(i.HAL_TIMEx_BreakCallback)
    i.HAL_TIMEx_CommutationCallback          0x08001cb8   Section        0  stm32f1xx_hal_tim_ex.o(i.HAL_TIMEx_CommutationCallback)
    i.HAL_TIMEx_MasterConfigSynchronization  0x08001cba   Section        0  stm32f1xx_hal_tim_ex.o(i.HAL_TIMEx_MasterConfigSynchronization)
    i.HAL_TIM_Base_Start                     0x08001d0a   Section        0  stm32f1xx_hal_tim.o(i.HAL_TIM_Base_Start)
    i.HAL_TIM_Base_Start_IT                  0x08001d24   Section        0  stm32f1xx_hal_tim.o(i.HAL_TIM_Base_Start_IT)
    i.HAL_TIM_Base_Stop_IT                   0x08001d3c   Section        0  stm32f1xx_hal_tim.o(i.HAL_TIM_Base_Stop_IT)
    i.HAL_TIM_IC_CaptureCallback             0x08001d66   Section        0  stm32f1xx_hal_tim.o(i.HAL_TIM_IC_CaptureCallback)
    i.HAL_TIM_IRQHandler                     0x08001d68   Section        0  stm32f1xx_hal_tim.o(i.HAL_TIM_IRQHandler)
    i.HAL_TIM_MspPostInit                    0x08001ed0   Section        0  stm32f1xx_hal_msp.o(i.HAL_TIM_MspPostInit)
    i.HAL_TIM_OC_ConfigChannel               0x08001f10   Section        0  stm32f1xx_hal_tim.o(i.HAL_TIM_OC_ConfigChannel)
    i.HAL_TIM_OC_DelayElapsedCallback        0x08001f66   Section        0  stm32f1xx_hal_tim.o(i.HAL_TIM_OC_DelayElapsedCallback)
    i.HAL_TIM_OC_Init                        0x08001f68   Section        0  stm32f1xx_hal_tim.o(i.HAL_TIM_OC_Init)
    i.HAL_TIM_OC_MspInit                     0x08001fa0   Section        0  stm32f1xx_hal_msp.o(i.HAL_TIM_OC_MspInit)
    i.HAL_TIM_PWM_PulseFinishedCallback      0x08001ff4   Section        0  stm32f1xx_hal_tim.o(i.HAL_TIM_PWM_PulseFinishedCallback)
    i.HAL_TIM_PeriodElapsedCallback          0x08001ff8   Section        0  main.o(i.HAL_TIM_PeriodElapsedCallback)
    i.HAL_TIM_TriggerCallback                0x08002050   Section        0  stm32f1xx_hal_tim.o(i.HAL_TIM_TriggerCallback)
    i.HardFault_Handler                      0x08002052   Section        0  stm32f1xx_it.o(i.HardFault_Handler)
    i.I2C_IsAcknowledgeFailed                0x08002054   Section        0  stm32f1xx_hal_i2c.o(i.I2C_IsAcknowledgeFailed)
    I2C_IsAcknowledgeFailed                  0x08002055   Thumb Code    40  stm32f1xx_hal_i2c.o(i.I2C_IsAcknowledgeFailed)
    i.I2C_MasterRequestWrite                 0x0800207c   Section        0  stm32f1xx_hal_i2c.o(i.I2C_MasterRequestWrite)
    I2C_MasterRequestWrite                   0x0800207d   Thumb Code   142  stm32f1xx_hal_i2c.o(i.I2C_MasterRequestWrite)
    i.I2C_WaitOnBTFFlagUntilTimeout          0x08002110   Section        0  stm32f1xx_hal_i2c.o(i.I2C_WaitOnBTFFlagUntilTimeout)
    I2C_WaitOnBTFFlagUntilTimeout            0x08002111   Thumb Code    78  stm32f1xx_hal_i2c.o(i.I2C_WaitOnBTFFlagUntilTimeout)
    i.I2C_WaitOnFlagUntilTimeout             0x0800215e   Section        0  stm32f1xx_hal_i2c.o(i.I2C_WaitOnFlagUntilTimeout)
    I2C_WaitOnFlagUntilTimeout               0x0800215f   Thumb Code    96  stm32f1xx_hal_i2c.o(i.I2C_WaitOnFlagUntilTimeout)
    i.I2C_WaitOnMasterAddressFlagUntilTimeout 0x080021c0   Section        0  stm32f1xx_hal_i2c.o(i.I2C_WaitOnMasterAddressFlagUntilTimeout)
    I2C_WaitOnMasterAddressFlagUntilTimeout  0x080021c1   Thumb Code   136  stm32f1xx_hal_i2c.o(i.I2C_WaitOnMasterAddressFlagUntilTimeout)
    i.I2C_WaitOnTXEFlagUntilTimeout          0x08002248   Section        0  stm32f1xx_hal_i2c.o(i.I2C_WaitOnTXEFlagUntilTimeout)
    I2C_WaitOnTXEFlagUntilTimeout            0x08002249   Thumb Code    78  stm32f1xx_hal_i2c.o(i.I2C_WaitOnTXEFlagUntilTimeout)
    i.LCD_Char                               0x08002298   Section        0  main.o(i.LCD_Char)
    i.LCD_Clear                              0x080022f0   Section        0  main.o(i.LCD_Clear)
    i.LCD_Goto                               0x0800233c   Section        0  main.o(i.LCD_Goto)
    i.MX_ADC1_Init                           0x08002368   Section        0  main.o(i.MX_ADC1_Init)
    MX_ADC1_Init                             0x08002369   Thumb Code    60  main.o(i.MX_ADC1_Init)
    i.MX_GPIO_Init                           0x080023ac   Section        0  main.o(i.MX_GPIO_Init)
    MX_GPIO_Init                             0x080023ad   Thumb Code   190  main.o(i.MX_GPIO_Init)
    i.MX_I2C1_Init                           0x08002484   Section        0  main.o(i.MX_I2C1_Init)
    MX_I2C1_Init                             0x08002485   Thumb Code    44  main.o(i.MX_I2C1_Init)
    i.MX_TIM3_Init                           0x080024bc   Section        0  main.o(i.MX_TIM3_Init)
    MX_TIM3_Init                             0x080024bd   Thumb Code    86  main.o(i.MX_TIM3_Init)
    i.MX_TIM4_Init                           0x0800251c   Section        0  main.o(i.MX_TIM4_Init)
    MX_TIM4_Init                             0x0800251d   Thumb Code    86  main.o(i.MX_TIM4_Init)
    i.MX_USB_DEVICE_Init                     0x0800257c   Section        0  usb_device.o(i.MX_USB_DEVICE_Init)
    i.MemManage_Handler                      0x080025b4   Section        0  stm32f1xx_it.o(i.MemManage_Handler)
    i.NMI_Handler                            0x080025b6   Section        0  stm32f1xx_it.o(i.NMI_Handler)
    i.NVIC_SetPriority                       0x080025b8   Section        0  stm32f1xx_hal_cortex.o(i.NVIC_SetPriority)
    NVIC_SetPriority                         0x080025b9   Thumb Code    32  stm32f1xx_hal_cortex.o(i.NVIC_SetPriority)
    i.OLED_OUTPUT                            0x080025d8   Section        0  main.o(i.OLED_OUTPUT)
    i.OLED_init                              0x080026a8   Section        0  main.o(i.OLED_init)
    i.OLED_num_to_str                        0x08002744   Section        0  main.o(i.OLED_num_to_str)
    i.OLED_string                            0x080027b8   Section        0  main.o(i.OLED_string)
    i.PCD_EP_ISR_Handler                     0x080027ce   Section        0  stm32f1xx_hal_pcd.o(i.PCD_EP_ISR_Handler)
    PCD_EP_ISR_Handler                       0x080027cf   Thumb Code   866  stm32f1xx_hal_pcd.o(i.PCD_EP_ISR_Handler)
    i.PendSV_Handler                         0x08002b30   Section        0  stm32f1xx_it.o(i.PendSV_Handler)
    i.SVC_Handler                            0x08002b32   Section        0  stm32f1xx_it.o(i.SVC_Handler)
    i.SysTick_Handler                        0x08002b34   Section        0  stm32f1xx_it.o(i.SysTick_Handler)
    i.SystemClock_Config                     0x08002b42   Section        0  main.o(i.SystemClock_Config)
    i.SystemInit                             0x08002bc0   Section        0  system_stm32f1xx.o(i.SystemInit)
    i.TIM4_IRQHandler                        0x08002c08   Section        0  stm32f1xx_it.o(i.TIM4_IRQHandler)
    i.TIM_Base_SetConfig                     0x08002c14   Section        0  stm32f1xx_hal_tim.o(i.TIM_Base_SetConfig)
    i.TIM_OC1_SetConfig                      0x08002c80   Section        0  stm32f1xx_hal_tim.o(i.TIM_OC1_SetConfig)
    TIM_OC1_SetConfig                        0x08002c81   Thumb Code    74  stm32f1xx_hal_tim.o(i.TIM_OC1_SetConfig)
    i.TIM_OC2_SetConfig                      0x08002cd0   Section        0  stm32f1xx_hal_tim.o(i.TIM_OC2_SetConfig)
    i.TIM_OC3_SetConfig                      0x08002d28   Section        0  stm32f1xx_hal_tim.o(i.TIM_OC3_SetConfig)
    TIM_OC3_SetConfig                        0x08002d29   Thumb Code    82  stm32f1xx_hal_tim.o(i.TIM_OC3_SetConfig)
    i.TIM_OC4_SetConfig                      0x08002d80   Section        0  stm32f1xx_hal_tim.o(i.TIM_OC4_SetConfig)
    TIM_OC4_SetConfig                        0x08002d81   Thumb Code    64  stm32f1xx_hal_tim.o(i.TIM_OC4_SetConfig)
    i.USBD_CUSTOM_HID_DataIn                 0x08002dc4   Section        0  usbd_customhid.o(i.USBD_CUSTOM_HID_DataIn)
    USBD_CUSTOM_HID_DataIn                   0x08002dc5   Thumb Code    12  usbd_customhid.o(i.USBD_CUSTOM_HID_DataIn)
    i.USBD_CUSTOM_HID_DataOut                0x08002dd0   Section        0  usbd_customhid.o(i.USBD_CUSTOM_HID_DataOut)
    USBD_CUSTOM_HID_DataOut                  0x08002dd1   Thumb Code    36  usbd_customhid.o(i.USBD_CUSTOM_HID_DataOut)
    i.USBD_CUSTOM_HID_DeInit                 0x08002df4   Section        0  usbd_customhid.o(i.USBD_CUSTOM_HID_DeInit)
    USBD_CUSTOM_HID_DeInit                   0x08002df5   Thumb Code    50  usbd_customhid.o(i.USBD_CUSTOM_HID_DeInit)
    i.USBD_CUSTOM_HID_EP0_RxReady            0x08002e26   Section        0  usbd_customhid.o(i.USBD_CUSTOM_HID_EP0_RxReady)
    USBD_CUSTOM_HID_EP0_RxReady              0x08002e27   Thumb Code    34  usbd_customhid.o(i.USBD_CUSTOM_HID_EP0_RxReady)
    i.USBD_CUSTOM_HID_GetCfgDesc             0x08002e48   Section        0  usbd_customhid.o(i.USBD_CUSTOM_HID_GetCfgDesc)
    USBD_CUSTOM_HID_GetCfgDesc               0x08002e49   Thumb Code     8  usbd_customhid.o(i.USBD_CUSTOM_HID_GetCfgDesc)
    i.USBD_CUSTOM_HID_GetDeviceQualifierDesc 0x08002e54   Section        0  usbd_customhid.o(i.USBD_CUSTOM_HID_GetDeviceQualifierDesc)
    USBD_CUSTOM_HID_GetDeviceQualifierDesc   0x08002e55   Thumb Code     8  usbd_customhid.o(i.USBD_CUSTOM_HID_GetDeviceQualifierDesc)
    i.USBD_CUSTOM_HID_Init                   0x08002e60   Section        0  usbd_customhid.o(i.USBD_CUSTOM_HID_Init)
    USBD_CUSTOM_HID_Init                     0x08002e61   Thumb Code    74  usbd_customhid.o(i.USBD_CUSTOM_HID_Init)
    i.USBD_CUSTOM_HID_RegisterInterface      0x08002eaa   Section        0  usbd_customhid.o(i.USBD_CUSTOM_HID_RegisterInterface)
    i.USBD_CUSTOM_HID_SendReport             0x08002eba   Section        0  usbd_customhid.o(i.USBD_CUSTOM_HID_SendReport)
    i.USBD_CUSTOM_HID_Setup                  0x08002ee0   Section        0  usbd_customhid.o(i.USBD_CUSTOM_HID_Setup)
    USBD_CUSTOM_HID_Setup                    0x08002ee1   Thumb Code   178  usbd_customhid.o(i.USBD_CUSTOM_HID_Setup)
    i.USBD_ClrClassConfig                    0x08002f98   Section        0  usbd_core.o(i.USBD_ClrClassConfig)
    i.USBD_CtlContinueRx                     0x08002fa6   Section        0  usbd_ioreq.o(i.USBD_CtlContinueRx)
    i.USBD_CtlContinueSendData               0x08002fb6   Section        0  usbd_ioreq.o(i.USBD_CtlContinueSendData)
    i.USBD_CtlError                          0x08002fc6   Section        0  usbd_ctlreq.o(i.USBD_CtlError)
    i.USBD_CtlPrepareRx                      0x08002fdc   Section        0  usbd_ioreq.o(i.USBD_CtlPrepareRx)
    i.USBD_CtlReceiveStatus                  0x08002ffa   Section        0  usbd_ioreq.o(i.USBD_CtlReceiveStatus)
    i.USBD_CtlSendData                       0x08003010   Section        0  usbd_ioreq.o(i.USBD_CtlSendData)
    i.USBD_CtlSendStatus                     0x0800302a   Section        0  usbd_ioreq.o(i.USBD_CtlSendStatus)
    i.USBD_FS_ConfigStrDescriptor            0x08003040   Section        0  usbd_desc.o(i.USBD_FS_ConfigStrDescriptor)
    i.USBD_FS_DeviceDescriptor               0x08003068   Section        0  usbd_desc.o(i.USBD_FS_DeviceDescriptor)
    i.USBD_FS_InterfaceStrDescriptor         0x08003074   Section        0  usbd_desc.o(i.USBD_FS_InterfaceStrDescriptor)
    i.USBD_FS_LangIDStrDescriptor            0x080030a0   Section        0  usbd_desc.o(i.USBD_FS_LangIDStrDescriptor)
    i.USBD_FS_ManufacturerStrDescriptor      0x080030ac   Section        0  usbd_desc.o(i.USBD_FS_ManufacturerStrDescriptor)
    i.USBD_FS_ProductStrDescriptor           0x080030d4   Section        0  usbd_desc.o(i.USBD_FS_ProductStrDescriptor)
    i.USBD_FS_SerialStrDescriptor            0x08003108   Section        0  usbd_desc.o(i.USBD_FS_SerialStrDescriptor)
    i.USBD_GetDescriptor                     0x0800312c   Section        0  usbd_ctlreq.o(i.USBD_GetDescriptor)
    USBD_GetDescriptor                       0x0800312d   Thumb Code   242  usbd_ctlreq.o(i.USBD_GetDescriptor)
    i.USBD_GetString                         0x0800321e   Section        0  usbd_ctlreq.o(i.USBD_GetString)
    i.USBD_Init                              0x08003264   Section        0  usbd_core.o(i.USBD_Init)
    i.USBD_LL_ClearStallEP                   0x0800328e   Section        0  usbd_conf.o(i.USBD_LL_ClearStallEP)
    i.USBD_LL_CloseEP                        0x080032ae   Section        0  usbd_conf.o(i.USBD_LL_CloseEP)
    i.USBD_LL_DataInStage                    0x080032ce   Section        0  usbd_core.o(i.USBD_LL_DataInStage)
    i.USBD_LL_DataOutStage                   0x08003378   Section        0  usbd_core.o(i.USBD_LL_DataOutStage)
    i.USBD_LL_Init                           0x080033e4   Section        0  usbd_conf.o(i.USBD_LL_Init)
    i.USBD_LL_IsStallEP                      0x08003474   Section        0  usbd_conf.o(i.USBD_LL_IsStallEP)
    i.USBD_LL_OpenEP                         0x08003490   Section        0  usbd_conf.o(i.USBD_LL_OpenEP)
    i.USBD_LL_PrepareReceive                 0x080034b6   Section        0  usbd_conf.o(i.USBD_LL_PrepareReceive)
    i.USBD_LL_Reset                          0x080034d6   Section        0  usbd_core.o(i.USBD_LL_Reset)
    i.USBD_LL_Resume                         0x08003514   Section        0  usbd_core.o(i.USBD_LL_Resume)
    i.USBD_LL_SOF                            0x08003520   Section        0  usbd_core.o(i.USBD_LL_SOF)
    i.USBD_LL_SetSpeed                       0x08003538   Section        0  usbd_core.o(i.USBD_LL_SetSpeed)
    i.USBD_LL_SetUSBAddress                  0x0800353e   Section        0  usbd_conf.o(i.USBD_LL_SetUSBAddress)
    i.USBD_LL_SetupStage                     0x0800355e   Section        0  usbd_core.o(i.USBD_LL_SetupStage)
    i.USBD_LL_StallEP                        0x080035b8   Section        0  usbd_conf.o(i.USBD_LL_StallEP)
    i.USBD_LL_Start                          0x080035d8   Section        0  usbd_conf.o(i.USBD_LL_Start)
    i.USBD_LL_Suspend                        0x080035f8   Section        0  usbd_core.o(i.USBD_LL_Suspend)
    i.USBD_LL_Transmit                       0x0800360a   Section        0  usbd_conf.o(i.USBD_LL_Transmit)
    i.USBD_ParseSetupRequest                 0x0800362a   Section        0  usbd_ctlreq.o(i.USBD_ParseSetupRequest)
    i.USBD_RegisterClass                     0x08003652   Section        0  usbd_core.o(i.USBD_RegisterClass)
    i.USBD_SetClassConfig                    0x08003662   Section        0  usbd_core.o(i.USBD_SetClassConfig)
    i.USBD_SetConfig                         0x08003678   Section        0  usbd_ctlreq.o(i.USBD_SetConfig)
    USBD_SetConfig                           0x08003679   Thumb Code   110  usbd_ctlreq.o(i.USBD_SetConfig)
    i.USBD_Start                             0x080036ec   Section        0  usbd_core.o(i.USBD_Start)
    i.USBD_StdDevReq                         0x080036f6   Section        0  usbd_ctlreq.o(i.USBD_StdDevReq)
    i.USBD_StdEPReq                          0x080037e8   Section        0  usbd_ctlreq.o(i.USBD_StdEPReq)
    i.USBD_StdItfReq                         0x080038c4   Section        0  usbd_ctlreq.o(i.USBD_StdItfReq)
    i.USBD_static_free                       0x080038f8   Section        0  usbd_conf.o(i.USBD_static_free)
    i.USBD_static_malloc                     0x080038fc   Section        0  usbd_conf.o(i.USBD_static_malloc)
    i.USB_ActivateEndpoint                   0x08003904   Section        0  stm32f1xx_ll_usb.o(i.USB_ActivateEndpoint)
    i.USB_CoreInit                           0x08003b60   Section        0  stm32f1xx_ll_usb.o(i.USB_CoreInit)
    i.USB_DeactivateEndpoint                 0x08003b64   Section        0  stm32f1xx_ll_usb.o(i.USB_DeactivateEndpoint)
    i.USB_DevConnect                         0x08003c88   Section        0  stm32f1xx_ll_usb.o(i.USB_DevConnect)
    i.USB_DevDisconnect                      0x08003c8c   Section        0  stm32f1xx_ll_usb.o(i.USB_DevDisconnect)
    i.USB_DevInit                            0x08003c90   Section        0  stm32f1xx_ll_usb.o(i.USB_DevInit)
    i.USB_DisableGlobalInt                   0x08003cae   Section        0  stm32f1xx_ll_usb.o(i.USB_DisableGlobalInt)
    i.USB_EP0_OutStart                       0x08003cbc   Section        0  stm32f1xx_ll_usb.o(i.USB_EP0_OutStart)
    i.USB_EPClearStall                       0x08003cc0   Section        0  stm32f1xx_ll_usb.o(i.USB_EPClearStall)
    i.USB_EPSetStall                         0x08003d2a   Section        0  stm32f1xx_ll_usb.o(i.USB_EPSetStall)
    i.USB_EPStartXfer                        0x08003d74   Section        0  stm32f1xx_ll_usb.o(i.USB_EPStartXfer)
    i.USB_EnableGlobalInt                    0x08003f1e   Section        0  stm32f1xx_ll_usb.o(i.USB_EnableGlobalInt)
    i.USB_LP_CAN1_RX0_IRQHandler             0x08003f2c   Section        0  stm32f1xx_it.o(i.USB_LP_CAN1_RX0_IRQHandler)
    i.USB_ReadInterrupts                     0x08003f38   Section        0  stm32f1xx_ll_usb.o(i.USB_ReadInterrupts)
    i.USB_ReadPMA                            0x08003f40   Section        0  stm32f1xx_ll_usb.o(i.USB_ReadPMA)
    i.USB_SetCurrentMode                     0x08003f5e   Section        0  stm32f1xx_ll_usb.o(i.USB_SetCurrentMode)
    i.USB_SetDevAddress                      0x08003f62   Section        0  stm32f1xx_ll_usb.o(i.USB_SetDevAddress)
    i.USB_WritePMA                           0x08003f6e   Section        0  stm32f1xx_ll_usb.o(i.USB_WritePMA)
    i.UsageFault_Handler                     0x08003f94   Section        0  stm32f1xx_it.o(i.UsageFault_Handler)
    i._Error_Handler                         0x08003f96   Section        0  main.o(i._Error_Handler)
    i.__scatterload_copy                     0x08003f98   Section       14  handlers.o(i.__scatterload_copy)
    i.__scatterload_null                     0x08003fa6   Section        2  handlers.o(i.__scatterload_null)
    i.__scatterload_zeroinit                 0x08003fa8   Section       14  handlers.o(i.__scatterload_zeroinit)
    i.__set_errno                            0x08003fb8   Section        0  errno.o(i.__set_errno)
    i.acs_result                             0x08003fc4   Section        0  main.o(i.acs_result)
    i.current_res                            0x08004004   Section        0  main.o(i.current_res)
    i.main                                   0x08004070   Section        0  main.o(i.main)
    i.sendCommand                            0x080040d4   Section        0  main.o(i.sendCommand)
    i.soft_start                             0x080040f8   Section        0  main.o(i.soft_start)
    i.sqrtf                                  0x08004740   Section        0  sqrtf.o(i.sqrtf)
    .constdata                               0x0800476c   Section       16  system_stm32f1xx.o(.constdata)
    .constdata                               0x0800477c   Section        8  system_stm32f1xx.o(.constdata)
    .data                                    0x20000000   Section        4  system_stm32f1xx.o(.data)
    .data                                    0x20000004   Section        4  stm32f1xx_hal.o(.data)
    .data                                    0x20000008   Section       28  usbd_desc.o(.data)
    .data                                    0x20000024   Section       22  usbd_desc.o(.data)
    .data                                    0x20000040   Section     1328  main.o(.data)
    .data                                    0x20000570   Section      108  usbd_custom_hid_if.o(.data)
    CUSTOM_HID_ReportDesc_FS                 0x20000570   Data         108  usbd_custom_hid_if.o(.data)
    .data                                    0x200005dc   Section       16  usbd_custom_hid_if.o(.data)
    .data                                    0x200005ec   Section        1  usbd_ctlreq.o(.data)
    cfgidx                                   0x200005ec   Data           1  usbd_ctlreq.o(.data)
    .data                                    0x200005f0   Section       60  usbd_customhid.o(.data)
    .data                                    0x2000062c   Section       66  usbd_customhid.o(.data)
    USBD_CUSTOM_HID_CfgDesc                  0x2000062c   Data          41  usbd_customhid.o(.data)
    USBD_CUSTOM_HID_Desc                     0x20000658   Data           9  usbd_customhid.o(.data)
    USBD_CUSTOM_HID_DeviceQualifierDesc      0x20000664   Data          10  usbd_customhid.o(.data)
    .data                                    0x20000670   Section        4  errno.o(.data)
    _errno                                   0x20000670   Data           4  errno.o(.data)
    .bss                                     0x20000674   Section     1148  usbd_conf.o(.bss)
    mem                                      0x20000674   Data          28  usbd_conf.o(.bss)
    .bss                                     0x20000af0   Section      512  usbd_desc.o(.bss)
    .bss                                     0x20000cf0   Section      260  main.o(.bss)
    .bss                                     0x20000df4   Section      548  usb_device.o(.bss)
    STACK                                    0x20001018   Section     1024  startup_stm32f103xb.o(STACK)

    Global Symbols

    Symbol Name                              Value     Ov Type        Size  Object(Section)

    BuildAttributes$$THM_ISAv4$P$D$K$B$S$PE$A:L22UL41UL21$X:L11$S22US41US21$IEEE1$IW$USESV6$~STKCKD$USESV7$~SHL$OTIME$ROPI$IEEEJ$EBA8$MICROLIB$REQ8$PRES8$EABIv2 0x00000000   Number         0  anon$$obj.o ABSOLUTE
    __ARM_use_no_argv                        0x00000000   Number         0  main.o ABSOLUTE
    __cpp_initialize__aeabi_                  - Undefined Weak Reference
    __cxa_finalize                            - Undefined Weak Reference
    _clock_init                               - Undefined Weak Reference
    _microlib_exit                            - Undefined Weak Reference
    __Vectors_Size                           0x000000ec   Number         0  startup_stm32f103xb.o ABSOLUTE
    __Vectors                                0x08000000   Data           4  startup_stm32f103xb.o(RESET)
    __Vectors_End                            0x080000ec   Data           0  startup_stm32f103xb.o(RESET)
    __main                                   0x080000ed   Thumb Code     0  entry.o(.ARM.Collect$$$$00000000)
    _main_stk                                0x080000ed   Thumb Code     0  entry2.o(.ARM.Collect$$$$00000001)
    _main_scatterload                        0x080000f1   Thumb Code     0  entry5.o(.ARM.Collect$$$$00000004)
    __main_after_scatterload                 0x080000f5   Thumb Code     0  entry5.o(.ARM.Collect$$$$00000004)
    _main_clock                              0x080000f5   Thumb Code     0  entry7b.o(.ARM.Collect$$$$00000008)
    _main_cpp_init                           0x080000f5   Thumb Code     0  entry8b.o(.ARM.Collect$$$$0000000A)
    _main_init                               0x080000f5   Thumb Code     0  entry9a.o(.ARM.Collect$$$$0000000B)
    __rt_final_cpp                           0x080000fd   Thumb Code     0  entry10a.o(.ARM.Collect$$$$0000000D)
    __rt_final_exit                          0x080000fd   Thumb Code     0  entry11a.o(.ARM.Collect$$$$0000000F)
    Reset_Handler                            0x08000101   Thumb Code     8  startup_stm32f103xb.o(.text)
    CAN1_RX1_IRQHandler                      0x0800011b   Thumb Code     0  startup_stm32f103xb.o(.text)
    CAN1_SCE_IRQHandler                      0x0800011b   Thumb Code     0  startup_stm32f103xb.o(.text)
    DMA1_Channel1_IRQHandler                 0x0800011b   Thumb Code     0  startup_stm32f103xb.o(.text)
    DMA1_Channel2_IRQHandler                 0x0800011b   Thumb Code     0  startup_stm32f103xb.o(.text)
    DMA1_Channel3_IRQHandler                 0x0800011b   Thumb Code     0  startup_stm32f103xb.o(.text)
    DMA1_Channel4_IRQHandler                 0x0800011b   Thumb Code     0  startup_stm32f103xb.o(.text)
    DMA1_Channel5_IRQHandler                 0x0800011b   Thumb Code     0  startup_stm32f103xb.o(.text)
    DMA1_Channel6_IRQHandler                 0x0800011b   Thumb Code     0  startup_stm32f103xb.o(.text)
    DMA1_Channel7_IRQHandler                 0x0800011b   Thumb Code     0  startup_stm32f103xb.o(.text)
    EXTI0_IRQHandler                         0x0800011b   Thumb Code     0  startup_stm32f103xb.o(.text)
    EXTI15_10_IRQHandler                     0x0800011b   Thumb Code     0  startup_stm32f103xb.o(.text)
    EXTI2_IRQHandler                         0x0800011b   Thumb Code     0  startup_stm32f103xb.o(.text)
    EXTI3_IRQHandler                         0x0800011b   Thumb Code     0  startup_stm32f103xb.o(.text)
    EXTI4_IRQHandler                         0x0800011b   Thumb Code     0  startup_stm32f103xb.o(.text)
    EXTI9_5_IRQHandler                       0x0800011b   Thumb Code     0  startup_stm32f103xb.o(.text)
    FLASH_IRQHandler                         0x0800011b   Thumb Code     0  startup_stm32f103xb.o(.text)
    I2C1_ER_IRQHandler                       0x0800011b   Thumb Code     0  startup_stm32f103xb.o(.text)
    I2C1_EV_IRQHandler                       0x0800011b   Thumb Code     0  startup_stm32f103xb.o(.text)
    I2C2_ER_IRQHandler                       0x0800011b   Thumb Code     0  startup_stm32f103xb.o(.text)
    I2C2_EV_IRQHandler                       0x0800011b   Thumb Code     0  startup_stm32f103xb.o(.text)
    PVD_IRQHandler                           0x0800011b   Thumb Code     0  startup_stm32f103xb.o(.text)
    RCC_IRQHandler                           0x0800011b   Thumb Code     0  startup_stm32f103xb.o(.text)
    RTC_Alarm_IRQHandler                     0x0800011b   Thumb Code     0  startup_stm32f103xb.o(.text)
    RTC_IRQHandler                           0x0800011b   Thumb Code     0  startup_stm32f103xb.o(.text)
    SPI1_IRQHandler                          0x0800011b   Thumb Code     0  startup_stm32f103xb.o(.text)
    SPI2_IRQHandler                          0x0800011b   Thumb Code     0  startup_stm32f103xb.o(.text)
    TAMPER_IRQHandler                        0x0800011b   Thumb Code     0  startup_stm32f103xb.o(.text)
    TIM1_BRK_IRQHandler                      0x0800011b   Thumb Code     0  startup_stm32f103xb.o(.text)
    TIM1_CC_IRQHandler                       0x0800011b   Thumb Code     0  startup_stm32f103xb.o(.text)
    TIM1_TRG_COM_IRQHandler                  0x0800011b   Thumb Code     0  startup_stm32f103xb.o(.text)
    TIM1_UP_IRQHandler                       0x0800011b   Thumb Code     0  startup_stm32f103xb.o(.text)
    TIM2_IRQHandler                          0x0800011b   Thumb Code     0  startup_stm32f103xb.o(.text)
    TIM3_IRQHandler                          0x0800011b   Thumb Code     0  startup_stm32f103xb.o(.text)
    USART1_IRQHandler                        0x0800011b   Thumb Code     0  startup_stm32f103xb.o(.text)
    USART2_IRQHandler                        0x0800011b   Thumb Code     0  startup_stm32f103xb.o(.text)
    USART3_IRQHandler                        0x0800011b   Thumb Code     0  startup_stm32f103xb.o(.text)
    USBWakeUp_IRQHandler                     0x0800011b   Thumb Code     0  startup_stm32f103xb.o(.text)
    USB_HP_CAN1_TX_IRQHandler                0x0800011b   Thumb Code     0  startup_stm32f103xb.o(.text)
    WWDG_IRQHandler                          0x0800011b   Thumb Code     0  startup_stm32f103xb.o(.text)
    __aeabi_uldivmod                         0x08000125   Thumb Code    98  uldiv.o(.text)
    __aeabi_llsr                             0x08000187   Thumb Code    32  llushr.o(.text)
    _ll_ushift_r                             0x08000187   Thumb Code     0  llushr.o(.text)
    __aeabi_memcpy                           0x080001a7   Thumb Code    36  memcpya.o(.text)
    __aeabi_memcpy4                          0x080001a7   Thumb Code     0  memcpya.o(.text)
    __aeabi_memcpy8                          0x080001a7   Thumb Code     0  memcpya.o(.text)
    __aeabi_fmul                             0x080001cb   Thumb Code   100  fmul.o(.text)
    __aeabi_fdiv                             0x0800022f   Thumb Code   124  fdiv.o(.text)
    __aeabi_ui2f                             0x080002ab   Thumb Code    10  ffltui.o(.text)
    __aeabi_ul2f                             0x080002b5   Thumb Code    28  ffltul.o(.text)
    __aeabi_f2uiz                            0x080002d1   Thumb Code    40  ffixui.o(.text)
    __aeabi_llsl                             0x080002f9   Thumb Code    30  llshl.o(.text)
    _ll_shift_l                              0x080002f9   Thumb Code     0  llshl.o(.text)
    __I$use$fp                               0x08000317   Thumb Code     0  iusefp.o(.text)
    _float_round                             0x08000317   Thumb Code    18  fepilogue.o(.text)
    _float_epilogue                          0x08000329   Thumb Code    92  fepilogue.o(.text)
    _fsqrt                                   0x08000385   Thumb Code    94  fsqrt.o(.text)
    __scatterload                            0x080003e5   Thumb Code    28  init.o(.text)
    __scatterload_rt2                        0x080003e5   Thumb Code     0  init.o(.text)
    __decompress                             0x08000409   Thumb Code     0  __dclz77c.o(.text)
    __decompress2                            0x08000409   Thumb Code    94  __dclz77c.o(.text)
    ADC1_2_IRQHandler                        0x08000469   Thumb Code     6  stm32f1xx_it.o(i.ADC1_2_IRQHandler)
    ADC_ConversionStop_Disable               0x08000475   Thumb Code    76  stm32f1xx_hal_adc.o(i.ADC_ConversionStop_Disable)
    ADC_Enable                               0x080004c1   Thumb Code   104  stm32f1xx_hal_adc.o(i.ADC_Enable)
    BusFault_Handler                         0x08000531   Thumb Code     2  stm32f1xx_it.o(i.BusFault_Handler)
    DebugMon_Handler                         0x0800053f   Thumb Code     2  stm32f1xx_it.o(i.DebugMon_Handler)
    EXTI1_IRQHandler                         0x08000541   Thumb Code     6  stm32f1xx_it.o(i.EXTI1_IRQHandler)
    HAL_ADCEx_InjectedConvCpltCallback       0x08000547   Thumb Code     2  stm32f1xx_hal_adc_ex.o(i.HAL_ADCEx_InjectedConvCpltCallback)
    HAL_ADC_ConfigChannel                    0x08000549   Thumb Code   240  stm32f1xx_hal_adc.o(i.HAL_ADC_ConfigChannel)
    HAL_ADC_ConvCpltCallback                 0x08000645   Thumb Code     2  stm32f1xx_hal_adc.o(i.HAL_ADC_ConvCpltCallback)
    HAL_ADC_GetValue                         0x08000647   Thumb Code     6  stm32f1xx_hal_adc.o(i.HAL_ADC_GetValue)
    HAL_ADC_IRQHandler                       0x0800064d   Thumb Code   230  stm32f1xx_hal_adc.o(i.HAL_ADC_IRQHandler)
    HAL_ADC_Init                             0x08000735   Thumb Code   272  stm32f1xx_hal_adc.o(i.HAL_ADC_Init)
    HAL_ADC_LevelOutOfWindowCallback         0x08000851   Thumb Code     2  stm32f1xx_hal_adc.o(i.HAL_ADC_LevelOutOfWindowCallback)
    HAL_ADC_MspInit                          0x08000855   Thumb Code    66  stm32f1xx_hal_msp.o(i.HAL_ADC_MspInit)
    HAL_ADC_PollForConversion                0x080008a5   Thumb Code   290  stm32f1xx_hal_adc.o(i.HAL_ADC_PollForConversion)
    HAL_ADC_Start                            0x080009d5   Thumb Code   184  stm32f1xx_hal_adc.o(i.HAL_ADC_Start)
    HAL_ADC_Stop                             0x08000a95   Thumb Code    52  stm32f1xx_hal_adc.o(i.HAL_ADC_Stop)
    HAL_Delay                                0x08000ac9   Thumb Code    28  stm32f1xx_hal.o(i.HAL_Delay)
    HAL_GPIO_EXTI_Callback                   0x08000ae5   Thumb Code    64  main.o(i.HAL_GPIO_EXTI_Callback)
    HAL_GPIO_EXTI_IRQHandler                 0x08000b35   Thumb Code    18  stm32f1xx_hal_gpio.o(i.HAL_GPIO_EXTI_IRQHandler)
    HAL_GPIO_Init                            0x08000b4d   Thumb Code   408  stm32f1xx_hal_gpio.o(i.HAL_GPIO_Init)
    HAL_GPIO_ReadPin                         0x08000d09   Thumb Code    10  stm32f1xx_hal_gpio.o(i.HAL_GPIO_ReadPin)
    HAL_GPIO_WritePin                        0x08000d13   Thumb Code    10  stm32f1xx_hal_gpio.o(i.HAL_GPIO_WritePin)
    HAL_GetTick                              0x08000d1d   Thumb Code     6  stm32f1xx_hal.o(i.HAL_GetTick)
    HAL_I2C_Init                             0x08000d29   Thumb Code   254  stm32f1xx_hal_i2c.o(i.HAL_I2C_Init)
    HAL_I2C_Master_Transmit                  0x08000e31   Thumb Code   304  stm32f1xx_hal_i2c.o(i.HAL_I2C_Master_Transmit)
    HAL_I2C_MspInit                          0x08000f69   Thumb Code    66  stm32f1xx_hal_msp.o(i.HAL_I2C_MspInit)
    HAL_IncTick                              0x08000fbd   Thumb Code    10  stm32f1xx_hal.o(i.HAL_IncTick)
    HAL_Init                                 0x08000fcd   Thumb Code    32  stm32f1xx_hal.o(i.HAL_Init)
    HAL_InitTick                             0x08000ff1   Thumb Code    34  stm32f1xx_hal.o(i.HAL_InitTick)
    HAL_MspInit                              0x08001019   Thumb Code   122  stm32f1xx_hal_msp.o(i.HAL_MspInit)
    HAL_NVIC_EnableIRQ                       0x0800109d   Thumb Code    22  stm32f1xx_hal_cortex.o(i.HAL_NVIC_EnableIRQ)
    HAL_NVIC_SetPriority                     0x080010b5   Thumb Code    60  stm32f1xx_hal_cortex.o(i.HAL_NVIC_SetPriority)
    HAL_NVIC_SetPriorityGrouping             0x080010f5   Thumb Code    26  stm32f1xx_hal_cortex.o(i.HAL_NVIC_SetPriorityGrouping)
    HAL_PCDEx_PMAConfig                      0x08001119   Thumb Code    52  stm32f1xx_hal_pcd_ex.o(i.HAL_PCDEx_PMAConfig)
    HAL_PCDEx_SetConnectionState             0x0800114d   Thumb Code     2  usbd_conf.o(i.HAL_PCDEx_SetConnectionState)
    HAL_PCD_DataInStageCallback              0x0800114f   Thumb Code    14  usbd_conf.o(i.HAL_PCD_DataInStageCallback)
    HAL_PCD_DataOutStageCallback             0x0800115d   Thumb Code    16  usbd_conf.o(i.HAL_PCD_DataOutStageCallback)
    HAL_PCD_EP_Close                         0x0800116d   Thumb Code    64  stm32f1xx_hal_pcd.o(i.HAL_PCD_EP_Close)
    HAL_PCD_EP_ClrStall                      0x080011ad   Thumb Code    72  stm32f1xx_hal_pcd.o(i.HAL_PCD_EP_ClrStall)
    HAL_PCD_EP_Open                          0x080011f5   Thumb Code    68  stm32f1xx_hal_pcd.o(i.HAL_PCD_EP_Open)
    HAL_PCD_EP_Receive                       0x08001239   Thumb Code    46  stm32f1xx_hal_pcd.o(i.HAL_PCD_EP_Receive)
    HAL_PCD_EP_SetStall                      0x08001267   Thumb Code    86  stm32f1xx_hal_pcd.o(i.HAL_PCD_EP_SetStall)
    HAL_PCD_EP_Transmit                      0x080012bd   Thumb Code    42  stm32f1xx_hal_pcd.o(i.HAL_PCD_EP_Transmit)
    HAL_PCD_IRQHandler                       0x080012e7   Thumb Code   268  stm32f1xx_hal_pcd.o(i.HAL_PCD_IRQHandler)
    HAL_PCD_Init                             0x080013f5   Thumb Code   192  stm32f1xx_hal_pcd.o(i.HAL_PCD_Init)
    HAL_PCD_MspInit                          0x080014b5   Thumb Code    50  usbd_conf.o(i.HAL_PCD_MspInit)
    HAL_PCD_ResetCallback                    0x080014f1   Thumb Code    26  usbd_conf.o(i.HAL_PCD_ResetCallback)
    HAL_PCD_ResumeCallback                   0x0800150b   Thumb Code     8  usbd_conf.o(i.HAL_PCD_ResumeCallback)
    HAL_PCD_SOFCallback                      0x08001513   Thumb Code     8  usbd_conf.o(i.HAL_PCD_SOFCallback)
    HAL_PCD_SetAddress                       0x0800151b   Thumb Code    40  stm32f1xx_hal_pcd.o(i.HAL_PCD_SetAddress)
    HAL_PCD_SetupStageCallback               0x08001543   Thumb Code    14  usbd_conf.o(i.HAL_PCD_SetupStageCallback)
    HAL_PCD_Start                            0x08001551   Thumb Code    50  stm32f1xx_hal_pcd.o(i.HAL_PCD_Start)
    HAL_PCD_SuspendCallback                  0x08001585   Thumb Code    30  usbd_conf.o(i.HAL_PCD_SuspendCallback)
    HAL_RCCEx_GetPeriphCLKFreq               0x080015a9   Thumb Code   166  stm32f1xx_hal_rcc_ex.o(i.HAL_RCCEx_GetPeriphCLKFreq)
    HAL_RCCEx_PeriphCLKConfig                0x08001671   Thumb Code   224  stm32f1xx_hal_rcc_ex.o(i.HAL_RCCEx_PeriphCLKConfig)
    HAL_RCC_ClockConfig                      0x0800175d   Thumb Code   322  stm32f1xx_hal_rcc.o(i.HAL_RCC_ClockConfig)
    HAL_RCC_GetHCLKFreq                      0x080018b1   Thumb Code     6  stm32f1xx_hal_rcc.o(i.HAL_RCC_GetHCLKFreq)
    HAL_RCC_GetPCLK1Freq                     0x080018bd   Thumb Code    20  stm32f1xx_hal_rcc.o(i.HAL_RCC_GetPCLK1Freq)
    HAL_RCC_GetPCLK2Freq                     0x080018dd   Thumb Code    20  stm32f1xx_hal_rcc.o(i.HAL_RCC_GetPCLK2Freq)
    HAL_RCC_GetSysClockFreq                  0x080018fd   Thumb Code    74  stm32f1xx_hal_rcc.o(i.HAL_RCC_GetSysClockFreq)
    HAL_RCC_OscConfig                        0x08001969   Thumb Code   750  stm32f1xx_hal_rcc.o(i.HAL_RCC_OscConfig)
    HAL_SYSTICK_CLKSourceConfig              0x08001c6d   Thumb Code    24  stm32f1xx_hal_cortex.o(i.HAL_SYSTICK_CLKSourceConfig)
    HAL_SYSTICK_Callback                     0x08001c85   Thumb Code     2  stm32f1xx_hal_cortex.o(i.HAL_SYSTICK_Callback)
    HAL_SYSTICK_Config                       0x08001c87   Thumb Code    40  stm32f1xx_hal_cortex.o(i.HAL_SYSTICK_Config)
    HAL_SYSTICK_IRQHandler                   0x08001caf   Thumb Code     8  stm32f1xx_hal_cortex.o(i.HAL_SYSTICK_IRQHandler)
    HAL_TIMEx_BreakCallback                  0x08001cb7   Thumb Code     2  stm32f1xx_hal_tim_ex.o(i.HAL_TIMEx_BreakCallback)
    HAL_TIMEx_CommutationCallback            0x08001cb9   Thumb Code     2  stm32f1xx_hal_tim_ex.o(i.HAL_TIMEx_CommutationCallback)
    HAL_TIMEx_MasterConfigSynchronization    0x08001cbb   Thumb Code    80  stm32f1xx_hal_tim_ex.o(i.HAL_TIMEx_MasterConfigSynchronization)
    HAL_TIM_Base_Start                       0x08001d0b   Thumb Code    26  stm32f1xx_hal_tim.o(i.HAL_TIM_Base_Start)
    HAL_TIM_Base_Start_IT                    0x08001d25   Thumb Code    24  stm32f1xx_hal_tim.o(i.HAL_TIM_Base_Start_IT)
    HAL_TIM_Base_Stop_IT                     0x08001d3d   Thumb Code    42  stm32f1xx_hal_tim.o(i.HAL_TIM_Base_Stop_IT)
    HAL_TIM_IC_CaptureCallback               0x08001d67   Thumb Code     2  stm32f1xx_hal_tim.o(i.HAL_TIM_IC_CaptureCallback)
    HAL_TIM_IRQHandler                       0x08001d69   Thumb Code   358  stm32f1xx_hal_tim.o(i.HAL_TIM_IRQHandler)
    HAL_TIM_MspPostInit                      0x08001ed1   Thumb Code    48  stm32f1xx_hal_msp.o(i.HAL_TIM_MspPostInit)
    HAL_TIM_OC_ConfigChannel                 0x08001f11   Thumb Code    86  stm32f1xx_hal_tim.o(i.HAL_TIM_OC_ConfigChannel)
    HAL_TIM_OC_DelayElapsedCallback          0x08001f67   Thumb Code     2  stm32f1xx_hal_tim.o(i.HAL_TIM_OC_DelayElapsedCallback)
    HAL_TIM_OC_Init                          0x08001f69   Thumb Code    54  stm32f1xx_hal_tim.o(i.HAL_TIM_OC_Init)
    HAL_TIM_OC_MspInit                       0x08001fa1   Thumb Code    72  stm32f1xx_hal_msp.o(i.HAL_TIM_OC_MspInit)
    HAL_TIM_PWM_PulseFinishedCallback        0x08001ff5   Thumb Code     2  stm32f1xx_hal_tim.o(i.HAL_TIM_PWM_PulseFinishedCallback)
    HAL_TIM_PeriodElapsedCallback            0x08001ff9   Thumb Code    80  main.o(i.HAL_TIM_PeriodElapsedCallback)
    HAL_TIM_TriggerCallback                  0x08002051   Thumb Code     2  stm32f1xx_hal_tim.o(i.HAL_TIM_TriggerCallback)
    HardFault_Handler                        0x08002053   Thumb Code     2  stm32f1xx_it.o(i.HardFault_Handler)
    LCD_Char                                 0x08002299   Thumb Code    78  main.o(i.LCD_Char)
    LCD_Clear                                0x080022f1   Thumb Code    72  main.o(i.LCD_Clear)
    LCD_Goto                                 0x0800233d   Thumb Code    40  main.o(i.LCD_Goto)
    MX_USB_DEVICE_Init                       0x0800257d   Thumb Code    38  usb_device.o(i.MX_USB_DEVICE_Init)
    MemManage_Handler                        0x080025b5   Thumb Code     2  stm32f1xx_it.o(i.MemManage_Handler)
    NMI_Handler                              0x080025b7   Thumb Code     2  stm32f1xx_it.o(i.NMI_Handler)
    OLED_OUTPUT                              0x080025d9   Thumb Code   180  main.o(i.OLED_OUTPUT)
    OLED_init                                0x080026a9   Thumb Code   156  main.o(i.OLED_init)
    OLED_num_to_str                          0x08002745   Thumb Code   114  main.o(i.OLED_num_to_str)
    OLED_string                              0x080027b9   Thumb Code    22  main.o(i.OLED_string)
    PendSV_Handler                           0x08002b31   Thumb Code     2  stm32f1xx_it.o(i.PendSV_Handler)
    SVC_Handler                              0x08002b33   Thumb Code     2  stm32f1xx_it.o(i.SVC_Handler)
    SysTick_Handler                          0x08002b35   Thumb Code    14  stm32f1xx_it.o(i.SysTick_Handler)
    SystemClock_Config                       0x08002b43   Thumb Code   126  main.o(i.SystemClock_Config)
    SystemInit                               0x08002bc1   Thumb Code    56  system_stm32f1xx.o(i.SystemInit)
    TIM4_IRQHandler                          0x08002c09   Thumb Code     6  stm32f1xx_it.o(i.TIM4_IRQHandler)
    TIM_Base_SetConfig                       0x08002c15   Thumb Code    94  stm32f1xx_hal_tim.o(i.TIM_Base_SetConfig)
    TIM_OC2_SetConfig                        0x08002cd1   Thumb Code    84  stm32f1xx_hal_tim.o(i.TIM_OC2_SetConfig)
    USBD_CUSTOM_HID_RegisterInterface        0x08002eab   Thumb Code    16  usbd_customhid.o(i.USBD_CUSTOM_HID_RegisterInterface)
    USBD_CUSTOM_HID_SendReport               0x08002ebb   Thumb Code    36  usbd_customhid.o(i.USBD_CUSTOM_HID_SendReport)
    USBD_ClrClassConfig                      0x08002f99   Thumb Code    14  usbd_core.o(i.USBD_ClrClassConfig)
    USBD_CtlContinueRx                       0x08002fa7   Thumb Code    16  usbd_ioreq.o(i.USBD_CtlContinueRx)
    USBD_CtlContinueSendData                 0x08002fb7   Thumb Code    16  usbd_ioreq.o(i.USBD_CtlContinueSendData)
    USBD_CtlError                            0x08002fc7   Thumb Code    22  usbd_ctlreq.o(i.USBD_CtlError)
    USBD_CtlPrepareRx                        0x08002fdd   Thumb Code    30  usbd_ioreq.o(i.USBD_CtlPrepareRx)
    USBD_CtlReceiveStatus                    0x08002ffb   Thumb Code    22  usbd_ioreq.o(i.USBD_CtlReceiveStatus)
    USBD_CtlSendData                         0x08003011   Thumb Code    26  usbd_ioreq.o(i.USBD_CtlSendData)
    USBD_CtlSendStatus                       0x0800302b   Thumb Code    22  usbd_ioreq.o(i.USBD_CtlSendStatus)
    USBD_FS_ConfigStrDescriptor              0x08003041   Thumb Code    16  usbd_desc.o(i.USBD_FS_ConfigStrDescriptor)
    USBD_FS_DeviceDescriptor                 0x08003069   Thumb Code     8  usbd_desc.o(i.USBD_FS_DeviceDescriptor)
    USBD_FS_InterfaceStrDescriptor           0x08003075   Thumb Code    16  usbd_desc.o(i.USBD_FS_InterfaceStrDescriptor)
    USBD_FS_LangIDStrDescriptor              0x080030a1   Thumb Code     8  usbd_desc.o(i.USBD_FS_LangIDStrDescriptor)
    USBD_FS_ManufacturerStrDescriptor        0x080030ad   Thumb Code    16  usbd_desc.o(i.USBD_FS_ManufacturerStrDescriptor)
    USBD_FS_ProductStrDescriptor             0x080030d5   Thumb Code    16  usbd_desc.o(i.USBD_FS_ProductStrDescriptor)
    USBD_FS_SerialStrDescriptor              0x08003109   Thumb Code    16  usbd_desc.o(i.USBD_FS_SerialStrDescriptor)
    USBD_GetString                           0x0800321f   Thumb Code    70  usbd_ctlreq.o(i.USBD_GetString)
    USBD_Init                                0x08003265   Thumb Code    42  usbd_core.o(i.USBD_Init)
    USBD_LL_ClearStallEP                     0x0800328f   Thumb Code    32  usbd_conf.o(i.USBD_LL_ClearStallEP)
    USBD_LL_CloseEP                          0x080032af   Thumb Code    32  usbd_conf.o(i.USBD_LL_CloseEP)
    USBD_LL_DataInStage                      0x080032cf   Thumb Code   170  usbd_core.o(i.USBD_LL_DataInStage)
    USBD_LL_DataOutStage                     0x08003379   Thumb Code   106  usbd_core.o(i.USBD_LL_DataOutStage)
    USBD_LL_Init                             0x080033e5   Thumb Code   114  usbd_conf.o(i.USBD_LL_Init)
    USBD_LL_IsStallEP                        0x08003475   Thumb Code    28  usbd_conf.o(i.USBD_LL_IsStallEP)
    USBD_LL_OpenEP                           0x08003491   Thumb Code    38  usbd_conf.o(i.USBD_LL_OpenEP)
    USBD_LL_PrepareReceive                   0x080034b7   Thumb Code    32  usbd_conf.o(i.USBD_LL_PrepareReceive)
    USBD_LL_Reset                            0x080034d7   Thumb Code    62  usbd_core.o(i.USBD_LL_Reset)
    USBD_LL_Resume                           0x08003515   Thumb Code    12  usbd_core.o(i.USBD_LL_Resume)
    USBD_LL_SOF                              0x08003521   Thumb Code    24  usbd_core.o(i.USBD_LL_SOF)
    USBD_LL_SetSpeed                         0x08003539   Thumb Code     6  usbd_core.o(i.USBD_LL_SetSpeed)
    USBD_LL_SetUSBAddress                    0x0800353f   Thumb Code    32  usbd_conf.o(i.USBD_LL_SetUSBAddress)
    USBD_LL_SetupStage                       0x0800355f   Thumb Code    90  usbd_core.o(i.USBD_LL_SetupStage)
    USBD_LL_StallEP                          0x080035b9   Thumb Code    32  usbd_conf.o(i.USBD_LL_StallEP)
    USBD_LL_Start                            0x080035d9   Thumb Code    32  usbd_conf.o(i.USBD_LL_Start)
    USBD_LL_Suspend                          0x080035f9   Thumb Code    18  usbd_core.o(i.USBD_LL_Suspend)
    USBD_LL_Transmit                         0x0800360b   Thumb Code    32  usbd_conf.o(i.USBD_LL_Transmit)
    USBD_ParseSetupRequest                   0x0800362b   Thumb Code    40  usbd_ctlreq.o(i.USBD_ParseSetupRequest)
    USBD_RegisterClass                       0x08003653   Thumb Code    16  usbd_core.o(i.USBD_RegisterClass)
    USBD_SetClassConfig                      0x08003663   Thumb Code    22  usbd_core.o(i.USBD_SetClassConfig)
    USBD_Start                               0x080036ed   Thumb Code    10  usbd_core.o(i.USBD_Start)
    USBD_StdDevReq                           0x080036f7   Thumb Code   242  usbd_ctlreq.o(i.USBD_StdDevReq)
    USBD_StdEPReq                            0x080037e9   Thumb Code   220  usbd_ctlreq.o(i.USBD_StdEPReq)
    USBD_StdItfReq                           0x080038c5   Thumb Code    52  usbd_ctlreq.o(i.USBD_StdItfReq)
    USBD_static_free                         0x080038f9   Thumb Code     2  usbd_conf.o(i.USBD_static_free)
    USBD_static_malloc                       0x080038fd   Thumb Code     4  usbd_conf.o(i.USBD_static_malloc)
    USB_ActivateEndpoint                     0x08003905   Thumb Code   604  stm32f1xx_ll_usb.o(i.USB_ActivateEndpoint)
    USB_CoreInit                             0x08003b61   Thumb Code     4  stm32f1xx_ll_usb.o(i.USB_CoreInit)
    USB_DeactivateEndpoint                   0x08003b65   Thumb Code   292  stm32f1xx_ll_usb.o(i.USB_DeactivateEndpoint)
    USB_DevConnect                           0x08003c89   Thumb Code     4  stm32f1xx_ll_usb.o(i.USB_DevConnect)
    USB_DevDisconnect                        0x08003c8d   Thumb Code     4  stm32f1xx_ll_usb.o(i.USB_DevDisconnect)
    USB_DevInit                              0x08003c91   Thumb Code    30  stm32f1xx_ll_usb.o(i.USB_DevInit)
    USB_DisableGlobalInt                     0x08003caf   Thumb Code    14  stm32f1xx_ll_usb.o(i.USB_DisableGlobalInt)
    USB_EP0_OutStart                         0x08003cbd   Thumb Code     4  stm32f1xx_ll_usb.o(i.USB_EP0_OutStart)
    USB_EPClearStall                         0x08003cc1   Thumb Code   106  stm32f1xx_ll_usb.o(i.USB_EPClearStall)
    USB_EPSetStall                           0x08003d2b   Thumb Code    74  stm32f1xx_ll_usb.o(i.USB_EPSetStall)
    USB_EPStartXfer                          0x08003d75   Thumb Code   426  stm32f1xx_ll_usb.o(i.USB_EPStartXfer)
    USB_EnableGlobalInt                      0x08003f1f   Thumb Code    14  stm32f1xx_ll_usb.o(i.USB_EnableGlobalInt)
    USB_LP_CAN1_RX0_IRQHandler               0x08003f2d   Thumb Code     6  stm32f1xx_it.o(i.USB_LP_CAN1_RX0_IRQHandler)
    USB_ReadInterrupts                       0x08003f39   Thumb Code     6  stm32f1xx_ll_usb.o(i.USB_ReadInterrupts)
    USB_ReadPMA                              0x08003f41   Thumb Code    30  stm32f1xx_ll_usb.o(i.USB_ReadPMA)
    USB_SetCurrentMode                       0x08003f5f   Thumb Code     4  stm32f1xx_ll_usb.o(i.USB_SetCurrentMode)
    USB_SetDevAddress                        0x08003f63   Thumb Code    12  stm32f1xx_ll_usb.o(i.USB_SetDevAddress)
    USB_WritePMA                             0x08003f6f   Thumb Code    38  stm32f1xx_ll_usb.o(i.USB_WritePMA)
    UsageFault_Handler                       0x08003f95   Thumb Code     2  stm32f1xx_it.o(i.UsageFault_Handler)
    _Error_Handler                           0x08003f97   Thumb Code     2  main.o(i._Error_Handler)
    __scatterload_copy                       0x08003f99   Thumb Code    14  handlers.o(i.__scatterload_copy)
    __scatterload_null                       0x08003fa7   Thumb Code     2  handlers.o(i.__scatterload_null)
    __scatterload_zeroinit                   0x08003fa9   Thumb Code    14  handlers.o(i.__scatterload_zeroinit)
    __set_errno                              0x08003fb9   Thumb Code     6  errno.o(i.__set_errno)
    acs_result                               0x08003fc5   Thumb Code    56  main.o(i.acs_result)
    current_res                              0x08004005   Thumb Code    98  main.o(i.current_res)
    main                                     0x08004071   Thumb Code    86  main.o(i.main)
    sendCommand                              0x080040d5   Thumb Code    28  main.o(i.sendCommand)
    soft_start                               0x080040f9   Thumb Code  1594  main.o(i.soft_start)
    sqrtf                                    0x08004741   Thumb Code    44  sqrtf.o(i.sqrtf)
    AHBPrescTable                            0x0800476c   Data          16  system_stm32f1xx.o(.constdata)
    APBPrescTable                            0x0800477c   Data           8  system_stm32f1xx.o(.constdata)
    Region$$Table$$Base                      0x08004784   Number         0  anon$$obj.o(Region$$Table)
    Region$$Table$$Limit                     0x080047a4   Number         0  anon$$obj.o(Region$$Table)
    SystemCoreClock                          0x20000000   Data           4  system_stm32f1xx.o(.data)
    uwTick                                   0x20000004   Data           4  stm32f1xx_hal.o(.data)
    FS_Desc                                  0x20000008   Data          28  usbd_desc.o(.data)
    USBD_LangIDDesc                          0x20000024   Data           4  usbd_desc.o(.data)
    USBD_FS_DeviceDesc                       0x20000028   Data          18  usbd_desc.o(.data)
    cycle                                    0x20000040   Data           1  main.o(.data)
    error                                    0x20000041   Data           1  main.o(.data)
    second                                   0x20000042   Data           1  main.o(.data)
    true_current                             0x20000043   Data           1  main.o(.data)
    true_current_after_dot                   0x20000044   Data           1  main.o(.data)
    btn_stat                                 0x20000045   Data           1  main.o(.data)
    number                                   0x20000046   Data           1  main.o(.data)
    LCD_X                                    0x20000047   Data           1  main.o(.data)
    LCD_Y                                    0x20000048   Data           1  main.o(.data)
    delay                                    0x2000004a   Data           2  main.o(.data)
    regulator                                0x2000004c   Data           2  main.o(.data)
    current                                  0x2000004e   Data           2  main.o(.data)
    time                                     0x20000050   Data           2  main.o(.data)
    adc                                      0x20000052   Data           2  main.o(.data)
    i                                        0x20000054   Data           2  main.o(.data)
    temp                                     0x20000056   Data           2  main.o(.data)
    step                                     0x20000058   Data           2  main.o(.data)
    adc_max                                  0x2000005a   Data           2  main.o(.data)
    dataToSend                               0x2000005c   Data           5  main.o(.data)
    temp_char                                0x20000061   Data           7  main.o(.data)
    data                                     0x20000068   Data           8  main.o(.data)
    LCD_Buffer                               0x20000070   Data        1280  main.o(.data)
    USBD_CustomHID_fops_FS                   0x200005dc   Data          16  usbd_custom_hid_if.o(.data)
    USBD_CUSTOM_HID                          0x200005f0   Data          60  usbd_customhid.o(.data)
    hpcd_USB_FS                              0x20000690   Data        1120  usbd_conf.o(.bss)
    USBD_StrDesc                             0x20000af0   Data         512  usbd_desc.o(.bss)
    hadc1                                    0x20000cf0   Data          48  main.o(.bss)
    htim4                                    0x20000d20   Data          64  main.o(.bss)
    hi2c1                                    0x20000d60   Data          84  main.o(.bss)
    htim3                                    0x20000db4   Data          64  main.o(.bss)
    hUsbDeviceFS                             0x20000df4   Data         548  usb_device.o(.bss)
    __initial_sp                             0x20001418   Data           0  startup_stm32f103xb.o(STACK)



==============================================================================

Memory Map of the image

  Image Entry point : 0x080000ed

  Load Region LR_IROM1 (Base: 0x08000000, Size: 0x00004e18, Max: 0x00010000, ABSOLUTE, COMPRESSED[0x00004b60])

    Execution Region ER_IROM1 (Exec base: 0x08000000, Load base: 0x08000000, Size: 0x000047a4, Max: 0x00010000, ABSOLUTE)

    Exec Addr    Load Addr    Size         Type   Attr      Idx    E Section Name        Object

    0x08000000   0x08000000   0x000000ec   Data   RO            3    RESET               startup_stm32f103xb.o
    0x080000ec   0x080000ec   0x00000000   Code   RO         4098  * .ARM.Collect$$$$00000000  mc_w.l(entry.o)
    0x080000ec   0x080000ec   0x00000004   Code   RO         4119    .ARM.Collect$$$$00000001  mc_w.l(entry2.o)
    0x080000f0   0x080000f0   0x00000004   Code   RO         4122    .ARM.Collect$$$$00000004  mc_w.l(entry5.o)
    0x080000f4   0x080000f4   0x00000000   Code   RO         4124    .ARM.Collect$$$$00000008  mc_w.l(entry7b.o)
    0x080000f4   0x080000f4   0x00000000   Code   RO         4126    .ARM.Collect$$$$0000000A  mc_w.l(entry8b.o)
    0x080000f4   0x080000f4   0x00000008   Code   RO         4127    .ARM.Collect$$$$0000000B  mc_w.l(entry9a.o)
    0x080000fc   0x080000fc   0x00000000   Code   RO         4129    .ARM.Collect$$$$0000000D  mc_w.l(entry10a.o)
    0x080000fc   0x080000fc   0x00000000   Code   RO         4131    .ARM.Collect$$$$0000000F  mc_w.l(entry11a.o)
    0x080000fc   0x080000fc   0x00000004   Code   RO         4120    .ARM.Collect$$$$00002712  mc_w.l(entry2.o)
    0x08000100   0x08000100   0x00000024   Code   RO            4    .text               startup_stm32f103xb.o
    0x08000124   0x08000124   0x00000062   Code   RO         4101    .text               mc_w.l(uldiv.o)
    0x08000186   0x08000186   0x00000020   Code   RO         4103    .text               mc_w.l(llushr.o)
    0x080001a6   0x080001a6   0x00000024   Code   RO         4105    .text               mc_w.l(memcpya.o)
    0x080001ca   0x080001ca   0x00000064   Code   RO         4109    .text               mf_w.l(fmul.o)
    0x0800022e   0x0800022e   0x0000007c   Code   RO         4111    .text               mf_w.l(fdiv.o)
    0x080002aa   0x080002aa   0x0000000a   Code   RO         4113    .text               mf_w.l(ffltui.o)
    0x080002b4   0x080002b4   0x0000001c   Code   RO         4115    .text               mf_w.l(ffltul.o)
    0x080002d0   0x080002d0   0x00000028   Code   RO         4117    .text               mf_w.l(ffixui.o)
    0x080002f8   0x080002f8   0x0000001e   Code   RO         4133    .text               mc_w.l(llshl.o)
    0x08000316   0x08000316   0x00000000   Code   RO         4142    .text               mc_w.l(iusefp.o)
    0x08000316   0x08000316   0x0000006e   Code   RO         4143    .text               mf_w.l(fepilogue.o)
    0x08000384   0x08000384   0x0000005e   Code   RO         4145    .text               mf_w.l(fsqrt.o)
    0x080003e2   0x080003e2   0x00000002   PAD
    0x080003e4   0x080003e4   0x00000024   Code   RO         4147    .text               mc_w.l(init.o)
    0x08000408   0x08000408   0x0000005e   Code   RO         4157    .text               mc_w.l(__dclz77c.o)
    0x08000466   0x08000466   0x00000002   PAD
    0x08000468   0x08000468   0x0000000c   Code   RO         3029    i.ADC1_2_IRQHandler  stm32f1xx_it.o
    0x08000474   0x08000474   0x0000004c   Code   RO         2849    i.ADC_ConversionStop_Disable  stm32f1xx_hal_adc.o
    0x080004c0   0x080004c0   0x00000070   Code   RO         2853    i.ADC_Enable        stm32f1xx_hal_adc.o
    0x08000530   0x08000530   0x00000002   Code   RO         3030    i.BusFault_Handler  stm32f1xx_it.o
    0x08000532   0x08000532   0x00000004   Code   RO         3712    i.CUSTOM_HID_DeInit_FS  usbd_custom_hid_if.o
    0x08000536   0x08000536   0x00000004   Code   RO         3713    i.CUSTOM_HID_Init_FS  usbd_custom_hid_if.o
    0x0800053a   0x0800053a   0x00000004   Code   RO         3714    i.CUSTOM_HID_OutEvent_FS  usbd_custom_hid_if.o
    0x0800053e   0x0800053e   0x00000002   Code   RO         3031    i.DebugMon_Handler  stm32f1xx_it.o
    0x08000540   0x08000540   0x00000006   Code   RO         3032    i.EXTI1_IRQHandler  stm32f1xx_it.o
    0x08000546   0x08000546   0x00000002   Code   RO          938    i.HAL_ADCEx_InjectedConvCpltCallback  stm32f1xx_hal_adc_ex.o
    0x08000548   0x08000548   0x000000fc   Code   RO         2855    i.HAL_ADC_ConfigChannel  stm32f1xx_hal_adc.o
    0x08000644   0x08000644   0x00000002   Code   RO         2856    i.HAL_ADC_ConvCpltCallback  stm32f1xx_hal_adc.o
    0x08000646   0x08000646   0x00000006   Code   RO         2862    i.HAL_ADC_GetValue  stm32f1xx_hal_adc.o
    0x0800064c   0x0800064c   0x000000e6   Code   RO         2863    i.HAL_ADC_IRQHandler  stm32f1xx_hal_adc.o
    0x08000732   0x08000732   0x00000002   PAD
    0x08000734   0x08000734   0x0000011c   Code   RO         2864    i.HAL_ADC_Init      stm32f1xx_hal_adc.o
    0x08000850   0x08000850   0x00000002   Code   RO         2865    i.HAL_ADC_LevelOutOfWindowCallback  stm32f1xx_hal_adc.o
    0x08000852   0x08000852   0x00000002   PAD
    0x08000854   0x08000854   0x00000050   Code   RO         3609    i.HAL_ADC_MspInit   stm32f1xx_hal_msp.o
    0x080008a4   0x080008a4   0x00000130   Code   RO         2868    i.HAL_ADC_PollForConversion  stm32f1xx_hal_adc.o
    0x080009d4   0x080009d4   0x000000c0   Code   RO         2870    i.HAL_ADC_Start     stm32f1xx_hal_adc.o
    0x08000a94   0x08000a94   0x00000034   Code   RO         2873    i.HAL_ADC_Stop      stm32f1xx_hal_adc.o
    0x08000ac8   0x08000ac8   0x0000001c   Code   RO          772    i.HAL_Delay         stm32f1xx_hal.o
    0x08000ae4   0x08000ae4   0x00000050   Code   RO         3432    i.HAL_GPIO_EXTI_Callback  main.o
    0x08000b34   0x08000b34   0x00000018   Code   RO          548    i.HAL_GPIO_EXTI_IRQHandler  stm32f1xx_hal_gpio.o
    0x08000b4c   0x08000b4c   0x000001bc   Code   RO          549    i.HAL_GPIO_Init     stm32f1xx_hal_gpio.o
    0x08000d08   0x08000d08   0x0000000a   Code   RO          551    i.HAL_GPIO_ReadPin  stm32f1xx_hal_gpio.o
    0x08000d12   0x08000d12   0x0000000a   Code   RO          553    i.HAL_GPIO_WritePin  stm32f1xx_hal_gpio.o
    0x08000d1c   0x08000d1c   0x0000000c   Code   RO          776    i.HAL_GetTick       stm32f1xx_hal.o
    0x08000d28   0x08000d28   0x00000108   Code   RO          155    i.HAL_I2C_Init      stm32f1xx_hal_i2c.o
    0x08000e30   0x08000e30   0x00000138   Code   RO          166    i.HAL_I2C_Master_Transmit  stm32f1xx_hal_i2c.o
    0x08000f68   0x08000f68   0x00000054   Code   RO         3611    i.HAL_I2C_MspInit   stm32f1xx_hal_msp.o
    0x08000fbc   0x08000fbc   0x00000010   Code   RO          778    i.HAL_IncTick       stm32f1xx_hal.o
    0x08000fcc   0x08000fcc   0x00000024   Code   RO          779    i.HAL_Init          stm32f1xx_hal.o
    0x08000ff0   0x08000ff0   0x00000028   Code   RO          780    i.HAL_InitTick      stm32f1xx_hal.o
    0x08001018   0x08001018   0x00000084   Code   RO         3612    i.HAL_MspInit       stm32f1xx_hal_msp.o
    0x0800109c   0x0800109c   0x00000016   Code   RO          614    i.HAL_NVIC_EnableIRQ  stm32f1xx_hal_cortex.o
    0x080010b2   0x080010b2   0x00000002   PAD
    0x080010b4   0x080010b4   0x00000040   Code   RO          620    i.HAL_NVIC_SetPriority  stm32f1xx_hal_cortex.o
    0x080010f4   0x080010f4   0x00000024   Code   RO          621    i.HAL_NVIC_SetPriorityGrouping  stm32f1xx_hal_cortex.o
    0x08001118   0x08001118   0x00000034   Code   RO          906    i.HAL_PCDEx_PMAConfig  stm32f1xx_hal_pcd_ex.o
    0x0800114c   0x0800114c   0x00000002   Code   RO         3129    i.HAL_PCDEx_SetConnectionState  usbd_conf.o
    0x0800114e   0x0800114e   0x0000000e   Code   RO         3131    i.HAL_PCD_DataInStageCallback  usbd_conf.o
    0x0800115c   0x0800115c   0x00000010   Code   RO         3132    i.HAL_PCD_DataOutStageCallback  usbd_conf.o
    0x0800116c   0x0800116c   0x00000040   Code   RO         2643    i.HAL_PCD_EP_Close  stm32f1xx_hal_pcd.o
    0x080011ac   0x080011ac   0x00000048   Code   RO         2644    i.HAL_PCD_EP_ClrStall  stm32f1xx_hal_pcd.o
    0x080011f4   0x080011f4   0x00000044   Code   RO         2647    i.HAL_PCD_EP_Open   stm32f1xx_hal_pcd.o
    0x08001238   0x08001238   0x0000002e   Code   RO         2648    i.HAL_PCD_EP_Receive  stm32f1xx_hal_pcd.o
    0x08001266   0x08001266   0x00000056   Code   RO         2649    i.HAL_PCD_EP_SetStall  stm32f1xx_hal_pcd.o
    0x080012bc   0x080012bc   0x0000002a   Code   RO         2650    i.HAL_PCD_EP_Transmit  stm32f1xx_hal_pcd.o
    0x080012e6   0x080012e6   0x0000010c   Code   RO         2652    i.HAL_PCD_IRQHandler  stm32f1xx_hal_pcd.o
    0x080013f2   0x080013f2   0x00000002   PAD
    0x080013f4   0x080013f4   0x000000c0   Code   RO         2655    i.HAL_PCD_Init      stm32f1xx_hal_pcd.o
    0x080014b4   0x080014b4   0x0000003c   Code   RO         3137    i.HAL_PCD_MspInit   usbd_conf.o
    0x080014f0   0x080014f0   0x0000001a   Code   RO         3138    i.HAL_PCD_ResetCallback  usbd_conf.o
    0x0800150a   0x0800150a   0x00000008   Code   RO         3139    i.HAL_PCD_ResumeCallback  usbd_conf.o
    0x08001512   0x08001512   0x00000008   Code   RO         3140    i.HAL_PCD_SOFCallback  usbd_conf.o
    0x0800151a   0x0800151a   0x00000028   Code   RO         2661    i.HAL_PCD_SetAddress  stm32f1xx_hal_pcd.o
    0x08001542   0x08001542   0x0000000e   Code   RO         3141    i.HAL_PCD_SetupStageCallback  usbd_conf.o
    0x08001550   0x08001550   0x00000032   Code   RO         2663    i.HAL_PCD_Start     stm32f1xx_hal_pcd.o
    0x08001582   0x08001582   0x00000002   PAD
    0x08001584   0x08001584   0x00000024   Code   RO         3142    i.HAL_PCD_SuspendCallback  usbd_conf.o
    0x080015a8   0x080015a8   0x000000c8   Code   RO          730    i.HAL_RCCEx_GetPeriphCLKFreq  stm32f1xx_hal_rcc_ex.o
    0x08001670   0x08001670   0x000000ec   Code   RO          731    i.HAL_RCCEx_PeriphCLKConfig  stm32f1xx_hal_rcc_ex.o
    0x0800175c   0x0800175c   0x00000154   Code   RO         1033    i.HAL_RCC_ClockConfig  stm32f1xx_hal_rcc.o
    0x080018b0   0x080018b0   0x0000000c   Code   RO         1038    i.HAL_RCC_GetHCLKFreq  stm32f1xx_hal_rcc.o
    0x080018bc   0x080018bc   0x00000020   Code   RO         1040    i.HAL_RCC_GetPCLK1Freq  stm32f1xx_hal_rcc.o
    0x080018dc   0x080018dc   0x00000020   Code   RO         1041    i.HAL_RCC_GetPCLK2Freq  stm32f1xx_hal_rcc.o
    0x080018fc   0x080018fc   0x0000006c   Code   RO         1042    i.HAL_RCC_GetSysClockFreq  stm32f1xx_hal_rcc.o
    0x08001968   0x08001968   0x00000304   Code   RO         1045    i.HAL_RCC_OscConfig  stm32f1xx_hal_rcc.o
    0x08001c6c   0x08001c6c   0x00000018   Code   RO          623    i.HAL_SYSTICK_CLKSourceConfig  stm32f1xx_hal_cortex.o
    0x08001c84   0x08001c84   0x00000002   Code   RO          624    i.HAL_SYSTICK_Callback  stm32f1xx_hal_cortex.o
    0x08001c86   0x08001c86   0x00000028   Code   RO          625    i.HAL_SYSTICK_Config  stm32f1xx_hal_cortex.o
    0x08001cae   0x08001cae   0x00000008   Code   RO          626    i.HAL_SYSTICK_IRQHandler  stm32f1xx_hal_cortex.o
    0x08001cb6   0x08001cb6   0x00000002   Code   RO         1590    i.HAL_TIMEx_BreakCallback  stm32f1xx_hal_tim_ex.o
    0x08001cb8   0x08001cb8   0x00000002   Code   RO         1591    i.HAL_TIMEx_CommutationCallback  stm32f1xx_hal_tim_ex.o
    0x08001cba   0x08001cba   0x00000050   Code   RO         1607    i.HAL_TIMEx_MasterConfigSynchronization  stm32f1xx_hal_tim_ex.o
    0x08001d0a   0x08001d0a   0x0000001a   Code   RO         1828    i.HAL_TIM_Base_Start  stm32f1xx_hal_tim.o
    0x08001d24   0x08001d24   0x00000018   Code   RO         1830    i.HAL_TIM_Base_Start_IT  stm32f1xx_hal_tim.o
    0x08001d3c   0x08001d3c   0x0000002a   Code   RO         1833    i.HAL_TIM_Base_Stop_IT  stm32f1xx_hal_tim.o
    0x08001d66   0x08001d66   0x00000002   Code   RO         1854    i.HAL_TIM_IC_CaptureCallback  stm32f1xx_hal_tim.o
    0x08001d68   0x08001d68   0x00000166   Code   RO         1867    i.HAL_TIM_IRQHandler  stm32f1xx_hal_tim.o
    0x08001ece   0x08001ece   0x00000002   PAD
    0x08001ed0   0x08001ed0   0x00000040   Code   RO         3613    i.HAL_TIM_MspPostInit  stm32f1xx_hal_msp.o
    0x08001f10   0x08001f10   0x00000056   Code   RO         1868    i.HAL_TIM_OC_ConfigChannel  stm32f1xx_hal_tim.o
    0x08001f66   0x08001f66   0x00000002   Code   RO         1870    i.HAL_TIM_OC_DelayElapsedCallback  stm32f1xx_hal_tim.o
    0x08001f68   0x08001f68   0x00000036   Code   RO         1872    i.HAL_TIM_OC_Init   stm32f1xx_hal_tim.o
    0x08001f9e   0x08001f9e   0x00000002   PAD
    0x08001fa0   0x08001fa0   0x00000054   Code   RO         3615    i.HAL_TIM_OC_MspInit  stm32f1xx_hal_msp.o
    0x08001ff4   0x08001ff4   0x00000002   Code   RO         1897    i.HAL_TIM_PWM_PulseFinishedCallback  stm32f1xx_hal_tim.o
    0x08001ff6   0x08001ff6   0x00000002   PAD
    0x08001ff8   0x08001ff8   0x00000058   Code   RO         3433    i.HAL_TIM_PeriodElapsedCallback  main.o
    0x08002050   0x08002050   0x00000002   Code   RO         1908    i.HAL_TIM_TriggerCallback  stm32f1xx_hal_tim.o
    0x08002052   0x08002052   0x00000002   Code   RO         3033    i.HardFault_Handler  stm32f1xx_it.o
    0x08002054   0x08002054   0x00000028   Code   RO          193    i.I2C_IsAcknowledgeFailed  stm32f1xx_hal_i2c.o
    0x0800207c   0x0800207c   0x00000094   Code   RO          197    i.I2C_MasterRequestWrite  stm32f1xx_hal_i2c.o
    0x08002110   0x08002110   0x0000004e   Code   RO          206    i.I2C_WaitOnBTFFlagUntilTimeout  stm32f1xx_hal_i2c.o
    0x0800215e   0x0800215e   0x00000060   Code   RO          207    i.I2C_WaitOnFlagUntilTimeout  stm32f1xx_hal_i2c.o
    0x080021be   0x080021be   0x00000002   PAD
    0x080021c0   0x080021c0   0x00000088   Code   RO          208    i.I2C_WaitOnMasterAddressFlagUntilTimeout  stm32f1xx_hal_i2c.o
    0x08002248   0x08002248   0x0000004e   Code   RO          210    i.I2C_WaitOnTXEFlagUntilTimeout  stm32f1xx_hal_i2c.o
    0x08002296   0x08002296   0x00000002   PAD
    0x08002298   0x08002298   0x00000058   Code   RO         3434    i.LCD_Char          main.o
    0x080022f0   0x080022f0   0x0000004c   Code   RO         3435    i.LCD_Clear         main.o
    0x0800233c   0x0800233c   0x0000002c   Code   RO         3436    i.LCD_Goto          main.o
    0x08002368   0x08002368   0x00000044   Code   RO         3437    i.MX_ADC1_Init      main.o
    0x080023ac   0x080023ac   0x000000d8   Code   RO         3438    i.MX_GPIO_Init      main.o
    0x08002484   0x08002484   0x00000038   Code   RO         3439    i.MX_I2C1_Init      main.o
    0x080024bc   0x080024bc   0x00000060   Code   RO         3440    i.MX_TIM3_Init      main.o
    0x0800251c   0x0800251c   0x00000060   Code   RO         3441    i.MX_TIM4_Init      main.o
    0x0800257c   0x0800257c   0x00000038   Code   RO         3674    i.MX_USB_DEVICE_Init  usb_device.o
    0x080025b4   0x080025b4   0x00000002   Code   RO         3034    i.MemManage_Handler  stm32f1xx_it.o
    0x080025b6   0x080025b6   0x00000002   Code   RO         3035    i.NMI_Handler       stm32f1xx_it.o
    0x080025b8   0x080025b8   0x00000020   Code   RO          627    i.NVIC_SetPriority  stm32f1xx_hal_cortex.o
    0x080025d8   0x080025d8   0x000000d0   Code   RO         3442    i.OLED_OUTPUT       main.o
    0x080026a8   0x080026a8   0x0000009c   Code   RO         3443    i.OLED_init         main.o
    0x08002744   0x08002744   0x00000072   Code   RO         3444    i.OLED_num_to_str   main.o
    0x080027b6   0x080027b6   0x00000002   PAD
    0x080027b8   0x080027b8   0x00000016   Code   RO         3445    i.OLED_string       main.o
    0x080027ce   0x080027ce   0x00000362   Code   RO         2666    i.PCD_EP_ISR_Handler  stm32f1xx_hal_pcd.o
    0x08002b30   0x08002b30   0x00000002   Code   RO         3036    i.PendSV_Handler    stm32f1xx_it.o
    0x08002b32   0x08002b32   0x00000002   Code   RO         3037    i.SVC_Handler       stm32f1xx_it.o
    0x08002b34   0x08002b34   0x0000000e   Code   RO         3038    i.SysTick_Handler   stm32f1xx_it.o
    0x08002b42   0x08002b42   0x0000007e   Code   RO         3446    i.SystemClock_Config  main.o
    0x08002bc0   0x08002bc0   0x00000048   Code   RO           14    i.SystemInit        system_stm32f1xx.o
    0x08002c08   0x08002c08   0x0000000c   Code   RO         3039    i.TIM4_IRQHandler   stm32f1xx_it.o
    0x08002c14   0x08002c14   0x0000006c   Code   RO         1909    i.TIM_Base_SetConfig  stm32f1xx_hal_tim.o
    0x08002c80   0x08002c80   0x00000050   Code   RO         1918    i.TIM_OC1_SetConfig  stm32f1xx_hal_tim.o
    0x08002cd0   0x08002cd0   0x00000058   Code   RO         1919    i.TIM_OC2_SetConfig  stm32f1xx_hal_tim.o
    0x08002d28   0x08002d28   0x00000058   Code   RO         1920    i.TIM_OC3_SetConfig  stm32f1xx_hal_tim.o
    0x08002d80   0x08002d80   0x00000044   Code   RO         1921    i.TIM_OC4_SetConfig  stm32f1xx_hal_tim.o
    0x08002dc4   0x08002dc4   0x0000000c   Code   RO         4016    i.USBD_CUSTOM_HID_DataIn  usbd_customhid.o
    0x08002dd0   0x08002dd0   0x00000024   Code   RO         4017    i.USBD_CUSTOM_HID_DataOut  usbd_customhid.o
    0x08002df4   0x08002df4   0x00000032   Code   RO         4018    i.USBD_CUSTOM_HID_DeInit  usbd_customhid.o
    0x08002e26   0x08002e26   0x00000022   Code   RO         4019    i.USBD_CUSTOM_HID_EP0_RxReady  usbd_customhid.o
    0x08002e48   0x08002e48   0x0000000c   Code   RO         4020    i.USBD_CUSTOM_HID_GetCfgDesc  usbd_customhid.o
    0x08002e54   0x08002e54   0x0000000c   Code   RO         4021    i.USBD_CUSTOM_HID_GetDeviceQualifierDesc  usbd_customhid.o
    0x08002e60   0x08002e60   0x0000004a   Code   RO         4022    i.USBD_CUSTOM_HID_Init  usbd_customhid.o
    0x08002eaa   0x08002eaa   0x00000010   Code   RO         4023    i.USBD_CUSTOM_HID_RegisterInterface  usbd_customhid.o
    0x08002eba   0x08002eba   0x00000024   Code   RO         4024    i.USBD_CUSTOM_HID_SendReport  usbd_customhid.o
    0x08002ede   0x08002ede   0x00000002   PAD
    0x08002ee0   0x08002ee0   0x000000b8   Code   RO         4025    i.USBD_CUSTOM_HID_Setup  usbd_customhid.o
    0x08002f98   0x08002f98   0x0000000e   Code   RO         3753    i.USBD_ClrClassConfig  usbd_core.o
    0x08002fa6   0x08002fa6   0x00000010   Code   RO         3956    i.USBD_CtlContinueRx  usbd_ioreq.o
    0x08002fb6   0x08002fb6   0x00000010   Code   RO         3957    i.USBD_CtlContinueSendData  usbd_ioreq.o
    0x08002fc6   0x08002fc6   0x00000016   Code   RO         3891    i.USBD_CtlError     usbd_ctlreq.o
    0x08002fdc   0x08002fdc   0x0000001e   Code   RO         3958    i.USBD_CtlPrepareRx  usbd_ioreq.o
    0x08002ffa   0x08002ffa   0x00000016   Code   RO         3959    i.USBD_CtlReceiveStatus  usbd_ioreq.o
    0x08003010   0x08003010   0x0000001a   Code   RO         3960    i.USBD_CtlSendData  usbd_ioreq.o
    0x0800302a   0x0800302a   0x00000016   Code   RO         3961    i.USBD_CtlSendStatus  usbd_ioreq.o
    0x08003040   0x08003040   0x00000028   Code   RO         3361    i.USBD_FS_ConfigStrDescriptor  usbd_desc.o
    0x08003068   0x08003068   0x0000000c   Code   RO         3362    i.USBD_FS_DeviceDescriptor  usbd_desc.o
    0x08003074   0x08003074   0x0000002c   Code   RO         3363    i.USBD_FS_InterfaceStrDescriptor  usbd_desc.o
    0x080030a0   0x080030a0   0x0000000c   Code   RO         3364    i.USBD_FS_LangIDStrDescriptor  usbd_desc.o
    0x080030ac   0x080030ac   0x00000028   Code   RO         3365    i.USBD_FS_ManufacturerStrDescriptor  usbd_desc.o
    0x080030d4   0x080030d4   0x00000034   Code   RO         3366    i.USBD_FS_ProductStrDescriptor  usbd_desc.o
    0x08003108   0x08003108   0x00000024   Code   RO         3367    i.USBD_FS_SerialStrDescriptor  usbd_desc.o
    0x0800312c   0x0800312c   0x000000f2   Code   RO         3892    i.USBD_GetDescriptor  usbd_ctlreq.o
    0x0800321e   0x0800321e   0x00000046   Code   RO         3893    i.USBD_GetString    usbd_ctlreq.o
    0x08003264   0x08003264   0x0000002a   Code   RO         3755    i.USBD_Init         usbd_core.o
    0x0800328e   0x0800328e   0x00000020   Code   RO         3143    i.USBD_LL_ClearStallEP  usbd_conf.o
    0x080032ae   0x080032ae   0x00000020   Code   RO         3144    i.USBD_LL_CloseEP   usbd_conf.o
    0x080032ce   0x080032ce   0x000000aa   Code   RO         3756    i.USBD_LL_DataInStage  usbd_core.o
    0x08003378   0x08003378   0x0000006a   Code   RO         3757    i.USBD_LL_DataOutStage  usbd_core.o
    0x080033e2   0x080033e2   0x00000002   PAD
    0x080033e4   0x080033e4   0x00000090   Code   RO         3149    i.USBD_LL_Init      usbd_conf.o
    0x08003474   0x08003474   0x0000001c   Code   RO         3150    i.USBD_LL_IsStallEP  usbd_conf.o
    0x08003490   0x08003490   0x00000026   Code   RO         3151    i.USBD_LL_OpenEP    usbd_conf.o
    0x080034b6   0x080034b6   0x00000020   Code   RO         3152    i.USBD_LL_PrepareReceive  usbd_conf.o
    0x080034d6   0x080034d6   0x0000003e   Code   RO         3762    i.USBD_LL_Reset     usbd_core.o
    0x08003514   0x08003514   0x0000000c   Code   RO         3763    i.USBD_LL_Resume    usbd_core.o
    0x08003520   0x08003520   0x00000018   Code   RO         3764    i.USBD_LL_SOF       usbd_core.o
    0x08003538   0x08003538   0x00000006   Code   RO         3765    i.USBD_LL_SetSpeed  usbd_core.o
    0x0800353e   0x0800353e   0x00000020   Code   RO         3153    i.USBD_LL_SetUSBAddress  usbd_conf.o
    0x0800355e   0x0800355e   0x0000005a   Code   RO         3766    i.USBD_LL_SetupStage  usbd_core.o
    0x080035b8   0x080035b8   0x00000020   Code   RO         3154    i.USBD_LL_StallEP   usbd_conf.o
    0x080035d8   0x080035d8   0x00000020   Code   RO         3155    i.USBD_LL_Start     usbd_conf.o
    0x080035f8   0x080035f8   0x00000012   Code   RO         3767    i.USBD_LL_Suspend   usbd_core.o
    0x0800360a   0x0800360a   0x00000020   Code   RO         3157    i.USBD_LL_Transmit  usbd_conf.o
    0x0800362a   0x0800362a   0x00000028   Code   RO         3894    i.USBD_ParseSetupRequest  usbd_ctlreq.o
    0x08003652   0x08003652   0x00000010   Code   RO         3768    i.USBD_RegisterClass  usbd_core.o
    0x08003662   0x08003662   0x00000016   Code   RO         3770    i.USBD_SetClassConfig  usbd_core.o
    0x08003678   0x08003678   0x00000074   Code   RO         3895    i.USBD_SetConfig    usbd_ctlreq.o
    0x080036ec   0x080036ec   0x0000000a   Code   RO         3771    i.USBD_Start        usbd_core.o
    0x080036f6   0x080036f6   0x000000f2   Code   RO         3896    i.USBD_StdDevReq    usbd_ctlreq.o
    0x080037e8   0x080037e8   0x000000dc   Code   RO         3897    i.USBD_StdEPReq     usbd_ctlreq.o
    0x080038c4   0x080038c4   0x00000034   Code   RO         3898    i.USBD_StdItfReq    usbd_ctlreq.o
    0x080038f8   0x080038f8   0x00000002   Code   RO         3158    i.USBD_static_free  usbd_conf.o
    0x080038fa   0x080038fa   0x00000002   PAD
    0x080038fc   0x080038fc   0x00000008   Code   RO         3159    i.USBD_static_malloc  usbd_conf.o
    0x08003904   0x08003904   0x0000025c   Code   RO         1398    i.USB_ActivateEndpoint  stm32f1xx_ll_usb.o
    0x08003b60   0x08003b60   0x00000004   Code   RO         1401    i.USB_CoreInit      stm32f1xx_ll_usb.o
    0x08003b64   0x08003b64   0x00000124   Code   RO         1403    i.USB_DeactivateEndpoint  stm32f1xx_ll_usb.o
    0x08003c88   0x08003c88   0x00000004   Code   RO         1404    i.USB_DevConnect    stm32f1xx_ll_usb.o
    0x08003c8c   0x08003c8c   0x00000004   Code   RO         1405    i.USB_DevDisconnect  stm32f1xx_ll_usb.o
    0x08003c90   0x08003c90   0x0000001e   Code   RO         1406    i.USB_DevInit       stm32f1xx_ll_usb.o
    0x08003cae   0x08003cae   0x0000000e   Code   RO         1407    i.USB_DisableGlobalInt  stm32f1xx_ll_usb.o
    0x08003cbc   0x08003cbc   0x00000004   Code   RO         1408    i.USB_EP0_OutStart  stm32f1xx_ll_usb.o
    0x08003cc0   0x08003cc0   0x0000006a   Code   RO         1409    i.USB_EPClearStall  stm32f1xx_ll_usb.o
    0x08003d2a   0x08003d2a   0x0000004a   Code   RO         1410    i.USB_EPSetStall    stm32f1xx_ll_usb.o
    0x08003d74   0x08003d74   0x000001aa   Code   RO         1411    i.USB_EPStartXfer   stm32f1xx_ll_usb.o
    0x08003f1e   0x08003f1e   0x0000000e   Code   RO         1412    i.USB_EnableGlobalInt  stm32f1xx_ll_usb.o
    0x08003f2c   0x08003f2c   0x0000000c   Code   RO         3040    i.USB_LP_CAN1_RX0_IRQHandler  stm32f1xx_it.o
    0x08003f38   0x08003f38   0x00000006   Code   RO         1419    i.USB_ReadInterrupts  stm32f1xx_ll_usb.o
    0x08003f3e   0x08003f3e   0x00000002   PAD
    0x08003f40   0x08003f40   0x0000001e   Code   RO         1420    i.USB_ReadPMA       stm32f1xx_ll_usb.o
    0x08003f5e   0x08003f5e   0x00000004   Code   RO         1422    i.USB_SetCurrentMode  stm32f1xx_ll_usb.o
    0x08003f62   0x08003f62   0x0000000c   Code   RO         1423    i.USB_SetDevAddress  stm32f1xx_ll_usb.o
    0x08003f6e   0x08003f6e   0x00000026   Code   RO         1425    i.USB_WritePMA      stm32f1xx_ll_usb.o
    0x08003f94   0x08003f94   0x00000002   Code   RO         3041    i.UsageFault_Handler  stm32f1xx_it.o
    0x08003f96   0x08003f96   0x00000002   Code   RO         3447    i._Error_Handler    main.o
    0x08003f98   0x08003f98   0x0000000e   Code   RO         4151    i.__scatterload_copy  mc_w.l(handlers.o)
    0x08003fa6   0x08003fa6   0x00000002   Code   RO         4152    i.__scatterload_null  mc_w.l(handlers.o)
    0x08003fa8   0x08003fa8   0x0000000e   Code   RO         4153    i.__scatterload_zeroinit  mc_w.l(handlers.o)
    0x08003fb6   0x08003fb6   0x00000002   PAD
    0x08003fb8   0x08003fb8   0x0000000c   Code   RO         4137    i.__set_errno       mc_w.l(errno.o)
    0x08003fc4   0x08003fc4   0x00000040   Code   RO         3448    i.acs_result        main.o
    0x08004004   0x08004004   0x0000006c   Code   RO         3449    i.current_res       main.o
    0x08004070   0x08004070   0x00000064   Code   RO         3450    i.main              main.o
    0x080040d4   0x080040d4   0x00000024   Code   RO         3451    i.sendCommand       main.o
    0x080040f8   0x080040f8   0x00000648   Code   RO         3453    i.soft_start        main.o
    0x08004740   0x08004740   0x0000002c   Code   RO         4091    i.sqrtf             m_ws.l(sqrtf.o)
    0x0800476c   0x0800476c   0x00000010   Data   RO           15    .constdata          system_stm32f1xx.o
    0x0800477c   0x0800477c   0x00000008   Data   RO           16    .constdata          system_stm32f1xx.o
    0x08004784   0x08004784   0x00000020   Data   RO         4149    Region$$Table       anon$$obj.o


    Execution Region RW_IRAM1 (Exec base: 0x20000000, Load base: 0x080047a4, Size: 0x00001418, Max: 0x00005000, ABSOLUTE, COMPRESSED[0x000003bc])

    Exec Addr    Load Addr    Size         Type   Attr      Idx    E Section Name        Object

    0x20000000   COMPRESSED   0x00000004   Data   RW           17    .data               system_stm32f1xx.o
    0x20000004   COMPRESSED   0x00000004   Data   RW          785    .data               stm32f1xx_hal.o
    0x20000008   COMPRESSED   0x0000001c   Data   RW         3369    .data               usbd_desc.o
    0x20000024   COMPRESSED   0x00000016   Data   RW         3370    .data               usbd_desc.o
    0x2000003a   COMPRESSED   0x00000006   PAD
    0x20000040   COMPRESSED   0x00000530   Data   RW         3455    .data               main.o
    0x20000570   COMPRESSED   0x0000006c   Data   RW         3715    .data               usbd_custom_hid_if.o
    0x200005dc   COMPRESSED   0x00000010   Data   RW         3716    .data               usbd_custom_hid_if.o
    0x200005ec   COMPRESSED   0x00000001   Data   RW         3899    .data               usbd_ctlreq.o
    0x200005ed   COMPRESSED   0x00000003   PAD
    0x200005f0   COMPRESSED   0x0000003c   Data   RW         4026    .data               usbd_customhid.o
    0x2000062c   COMPRESSED   0x00000042   Data   RW         4027    .data               usbd_customhid.o
    0x2000066e   COMPRESSED   0x00000002   PAD
    0x20000670   COMPRESSED   0x00000004   Data   RW         4138    .data               mc_w.l(errno.o)
    0x20000674        -       0x0000047c   Zero   RW         3160    .bss                usbd_conf.o
    0x20000af0        -       0x00000200   Zero   RW         3368    .bss                usbd_desc.o
    0x20000cf0        -       0x00000104   Zero   RW         3454    .bss                main.o
    0x20000df4        -       0x00000224   Zero   RW         3675    .bss                usb_device.o
    0x20001018        -       0x00000400   Zero   RW            1    STACK               startup_stm32f103xb.o


==============================================================================

Image component sizes


      Code (inc. data)   RO Data    RW Data    ZI Data      Debug   Object Name

      3452        212          0       1328        260      14824   main.o
        36          8        236          0       1024        788   startup_stm32f103xb.o
       132         22          0          4          0       3583   stm32f1xx_hal.o
      1512         54          0          0          0       8874   stm32f1xx_hal_adc.o
         2          0          0          0          0       1037   stm32f1xx_hal_adc_ex.o
       228         14          0          0          0      27297   stm32f1xx_hal_cortex.o
       488         42          0          0          0       4042   stm32f1xx_hal_gpio.o
      1152         24          0          0          0       8677   stm32f1xx_hal_i2c.o
       444         70          0          0          0       3253   stm32f1xx_hal_msp.o
      1794          0          0          0          0       9289   stm32f1xx_hal_pcd.o
        52          0          0          0          0       1150   stm32f1xx_hal_pcd_ex.o
      1296        104          0          0          0       5548   stm32f1xx_hal_rcc.o
       436         46          0          0          0       2505   stm32f1xx_hal_rcc_ex.o
      1030         34          0          0          0      10704   stm32f1xx_hal_tim.o
        84          0          0          0          0       2286   stm32f1xx_hal_tim_ex.o
        72         18          0          0          0       5396   stm32f1xx_it.o
      1666          0          0          0          0      12431   stm32f1xx_ll_usb.o
        72         16         24          4          0     462159   system_stm32f1xx.o
        56         18          0          0        548        684   usb_device.o
       628         50          0          0       1148      18187   usbd_conf.o
       592          0          0          0          0       9000   usbd_core.o
      1004         30          0          1          0       7652   usbd_ctlreq.o
        12          0          0        124          0       1904   usbd_custom_hid_if.o
       466         24          0        126          0       9223   usbd_customhid.o
       236        140          0         50        512       9215   usbd_desc.o
       132          0          0          0          0       4248   usbd_ioreq.o

    ----------------------------------------------------------------------
     17104        926        292       1648       3492     643956   Object Totals
         0          0         32          0          0          0   (incl. Generated)
        30          0          0         11          0          0   (incl. Padding)

    ----------------------------------------------------------------------

      Code (inc. data)   RO Data    RW Data    ZI Data      Debug   Library Member Name

        44          0          0          0          0         80   sqrtf.o
        94          0          0          0          0          0   __dclz77c.o
         0          0          0          0          0          0   entry.o
         0          0          0          0          0          0   entry10a.o
         0          0          0          0          0          0   entry11a.o
         8          4          0          0          0          0   entry2.o
         4          0          0          0          0          0   entry5.o
         0          0          0          0          0          0   entry7b.o
         0          0          0          0          0          0   entry8b.o
         8          4          0          0          0          0   entry9a.o
        12          6          0          4          0         68   errno.o
        30          0          0          0          0          0   handlers.o
        36          8          0          0          0         68   init.o
         0          0          0          0          0          0   iusefp.o
        30          0          0          0          0         68   llshl.o
        32          0          0          0          0         68   llushr.o
        36          0          0          0          0         68   memcpya.o
        98          0          0          0          0         92   uldiv.o
       124          0          0          0          0         88   fdiv.o
       110          0          0          0          0        168   fepilogue.o
        40          0          0          0          0         68   ffixui.o
        10          0          0          0          0         68   ffltui.o
        28          0          0          0          0         84   ffltul.o
       100          0          0          0          0         76   fmul.o
        94          0          0          0          0         96   fsqrt.o

    ----------------------------------------------------------------------
       944         22          0          4          0       1160   Library Totals
         6          0          0          0          0          0   (incl. Padding)

    ----------------------------------------------------------------------

      Code (inc. data)   RO Data    RW Data    ZI Data      Debug   Library Name

        44          0          0          0          0         80   m_ws.l
       388         22          0          4          0        432   mc_w.l
       506          0          0          0          0        648   mf_w.l

    ----------------------------------------------------------------------
       944         22          0          4          0       1160   Library Totals

    ----------------------------------------------------------------------

==============================================================================


      Code (inc. data)   RO Data    RW Data    ZI Data      Debug   

     18048        948        292       1652       3492     634480   Grand Totals
     18048        948        292        956       3492     634480   ELF Image Totals (compressed)
     18048        948        292        956          0          0   ROM Totals

==============================================================================

    Total RO  Size (Code + RO Data)                18340 (  17.91kB)
    Total RW  Size (RW Data + ZI Data)              5144 (   5.02kB)
    Total ROM Size (Code + RO Data + RW Data)      19296 (  18.84kB)

==============================================================================

